Archive member included to satisfy reference by file (symbol)

/opt/gcc-arm-none-eabi-10.3-2021.10/bin/../lib/gcc/arm-none-eabi/10.3.1/../../../../arm-none-eabi/lib/thumb/v6-m/nofp/libc_nano.a(lib_a-exit.o)
                              /opt/gcc-arm-none-eabi-10.3-2021.10/bin/../lib/gcc/arm-none-eabi/10.3.1/../../../../arm-none-eabi/lib/thumb/v6-m/nofp/crt0.o (exit)
/opt/gcc-arm-none-eabi-10.3-2021.10/bin/../lib/gcc/arm-none-eabi/10.3.1/../../../../arm-none-eabi/lib/thumb/v6-m/nofp/libc_nano.a(lib_a-impure.o)
                              /opt/gcc-arm-none-eabi-10.3-2021.10/bin/../lib/gcc/arm-none-eabi/10.3.1/../../../../arm-none-eabi/lib/thumb/v6-m/nofp/libc_nano.a(lib_a-exit.o) (_global_impure_ptr)
/opt/gcc-arm-none-eabi-10.3-2021.10/bin/../lib/gcc/arm-none-eabi/10.3.1/../../../../arm-none-eabi/lib/thumb/v6-m/nofp/libc_nano.a(lib_a-init.o)
                              /opt/gcc-arm-none-eabi-10.3-2021.10/bin/../lib/gcc/arm-none-eabi/10.3.1/../../../../arm-none-eabi/lib/thumb/v6-m/nofp/crt0.o (__libc_init_array)
/opt/gcc-arm-none-eabi-10.3-2021.10/bin/../lib/gcc/arm-none-eabi/10.3.1/../../../../arm-none-eabi/lib/thumb/v6-m/nofp/libc_nano.a(lib_a-memset.o)
                              /opt/gcc-arm-none-eabi-10.3-2021.10/bin/../lib/gcc/arm-none-eabi/10.3.1/../../../../arm-none-eabi/lib/thumb/v6-m/nofp/crt0.o (memset)
/opt/gcc-arm-none-eabi-10.3-2021.10/bin/../lib/gcc/arm-none-eabi/10.3.1/../../../../arm-none-eabi/lib/thumb/v6-m/nofp/libnosys.a(_exit.o)
                              /opt/gcc-arm-none-eabi-10.3-2021.10/bin/../lib/gcc/arm-none-eabi/10.3.1/../../../../arm-none-eabi/lib/thumb/v6-m/nofp/libc_nano.a(lib_a-exit.o) (_exit)
/opt/gcc-arm-none-eabi-10.3-2021.10/bin/../lib/gcc/arm-none-eabi/10.3.1/thumb/v6-m/nofp/libgcc.a(_udivsi3.o)
                              build/stm32l0xx_hal_adc.o (__aeabi_uidiv)
/opt/gcc-arm-none-eabi-10.3-2021.10/bin/../lib/gcc/arm-none-eabi/10.3.1/thumb/v6-m/nofp/libgcc.a(_dvmd_tls.o)
                              /opt/gcc-arm-none-eabi-10.3-2021.10/bin/../lib/gcc/arm-none-eabi/10.3.1/thumb/v6-m/nofp/libgcc.a(_udivsi3.o) (__aeabi_idiv0)
/opt/gcc-arm-none-eabi-10.3-2021.10/bin/../lib/gcc/arm-none-eabi/10.3.1/thumb/v6-m/nofp/libgcc.a(_aeabi_uldivmod.o)
                              build/stm32l0xx_hal_rcc.o (__aeabi_uldivmod)
/opt/gcc-arm-none-eabi-10.3-2021.10/bin/../lib/gcc/arm-none-eabi/10.3.1/thumb/v6-m/nofp/libgcc.a(_muldi3.o)
                              build/stm32l0xx_hal_rcc.o (__aeabi_lmul)
/opt/gcc-arm-none-eabi-10.3-2021.10/bin/../lib/gcc/arm-none-eabi/10.3.1/thumb/v6-m/nofp/libgcc.a(_udivmoddi4.o)
                              /opt/gcc-arm-none-eabi-10.3-2021.10/bin/../lib/gcc/arm-none-eabi/10.3.1/thumb/v6-m/nofp/libgcc.a(_aeabi_uldivmod.o) (__udivmoddi4)
/opt/gcc-arm-none-eabi-10.3-2021.10/bin/../lib/gcc/arm-none-eabi/10.3.1/thumb/v6-m/nofp/libgcc.a(_clzdi2.o)
                              /opt/gcc-arm-none-eabi-10.3-2021.10/bin/../lib/gcc/arm-none-eabi/10.3.1/thumb/v6-m/nofp/libgcc.a(_udivmoddi4.o) (__clzdi2)
/opt/gcc-arm-none-eabi-10.3-2021.10/bin/../lib/gcc/arm-none-eabi/10.3.1/thumb/v6-m/nofp/libgcc.a(_clzsi2.o)
                              /opt/gcc-arm-none-eabi-10.3-2021.10/bin/../lib/gcc/arm-none-eabi/10.3.1/thumb/v6-m/nofp/libgcc.a(_clzdi2.o) (__clzsi2)

Discarded input sections

 .text          0x0000000000000000        0x0 /opt/gcc-arm-none-eabi-10.3-2021.10/bin/../lib/gcc/arm-none-eabi/10.3.1/thumb/v6-m/nofp/crti.o
 .data          0x0000000000000000        0x0 /opt/gcc-arm-none-eabi-10.3-2021.10/bin/../lib/gcc/arm-none-eabi/10.3.1/thumb/v6-m/nofp/crti.o
 .bss           0x0000000000000000        0x0 /opt/gcc-arm-none-eabi-10.3-2021.10/bin/../lib/gcc/arm-none-eabi/10.3.1/thumb/v6-m/nofp/crti.o
 .data          0x0000000000000000        0x4 /opt/gcc-arm-none-eabi-10.3-2021.10/bin/../lib/gcc/arm-none-eabi/10.3.1/thumb/v6-m/nofp/crtbegin.o
 .rodata        0x0000000000000000       0x24 /opt/gcc-arm-none-eabi-10.3-2021.10/bin/../lib/gcc/arm-none-eabi/10.3.1/thumb/v6-m/nofp/crtbegin.o
 .text          0x0000000000000000       0x80 /opt/gcc-arm-none-eabi-10.3-2021.10/bin/../lib/gcc/arm-none-eabi/10.3.1/../../../../arm-none-eabi/lib/thumb/v6-m/nofp/crt0.o
 .data          0x0000000000000000        0x0 /opt/gcc-arm-none-eabi-10.3-2021.10/bin/../lib/gcc/arm-none-eabi/10.3.1/../../../../arm-none-eabi/lib/thumb/v6-m/nofp/crt0.o
 .bss           0x0000000000000000        0x0 /opt/gcc-arm-none-eabi-10.3-2021.10/bin/../lib/gcc/arm-none-eabi/10.3.1/../../../../arm-none-eabi/lib/thumb/v6-m/nofp/crt0.o
 .ARM.extab     0x0000000000000000        0x0 /opt/gcc-arm-none-eabi-10.3-2021.10/bin/../lib/gcc/arm-none-eabi/10.3.1/../../../../arm-none-eabi/lib/thumb/v6-m/nofp/crt0.o
 .ARM.exidx     0x0000000000000000       0x10 /opt/gcc-arm-none-eabi-10.3-2021.10/bin/../lib/gcc/arm-none-eabi/10.3.1/../../../../arm-none-eabi/lib/thumb/v6-m/nofp/crt0.o
 .ARM.attributes
[...]
Memory Configuration

Name             Origin             Length             Attributes
RAM              0x0000000020000000 0x0000000000002000 xrw
FLASH            0x0000000008000000 0x0000000000010000 xr
*default*        0x0000000000000000 0xffffffffffffffff

Linker script and memory map

LOAD /opt/gcc-arm-none-eabi-10.3-2021.10/bin/../lib/gcc/arm-none-eabi/10.3.1/thumb/v6-m/nofp/crti.o
LOAD /opt/gcc-arm-none-eabi-10.3-2021.10/bin/../lib/gcc/arm-none-eabi/10.3.1/thumb/v6-m/nofp/crtbegin.o
LOAD /opt/gcc-arm-none-eabi-10.3-2021.10/bin/../lib/gcc/arm-none-eabi/10.3.1/../../../../arm-none-eabi/lib/thumb/v6-m/nofp/crt0.o
LOAD build/main.o
LOAD build/stm32l0xx_it.o
LOAD build/stm32l0xx_hal_msp.o
LOAD build/stm32l0xx_hal_adc.o
LOAD build/stm32l0xx_hal_adc_ex.o
LOAD build/stm32l0xx_hal.o
LOAD build/stm32l0xx_hal_i2c.o
LOAD build/stm32l0xx_hal_i2c_ex.o
LOAD build/stm32l0xx_hal_rcc.o
LOAD build/stm32l0xx_hal_rcc_ex.o
LOAD build/stm32l0xx_hal_flash_ramfunc.o
LOAD build/stm32l0xx_hal_flash.o
LOAD build/stm32l0xx_hal_flash_ex.o
LOAD build/stm32l0xx_hal_gpio.o
LOAD build/stm32l0xx_hal_dma.o
LOAD build/stm32l0xx_hal_pwr.o
LOAD build/stm32l0xx_hal_pwr_ex.o
LOAD build/stm32l0xx_hal_cortex.o
LOAD build/stm32l0xx_hal_exti.o
LOAD build/stm32l0xx_hal_lptim.o
LOAD build/stm32l0xx_hal_uart.o
LOAD build/stm32l0xx_hal_uart_ex.o
LOAD build/stm32l0xx_hal_tim.o
LOAD build/stm32l0xx_hal_tim_ex.o
LOAD build/system_stm32l0xx.o
LOAD build/stm32l0xx_hal_timebase_tim.o
LOAD build/stm32l0xx_hal_rtc.o
LOAD build/stm32l0xx_hal_rtc_ex.o
LOAD build/startup_stm32l051xx.o
LOAD /opt/gcc-arm-none-eabi-10.3-2021.10/bin/../lib/gcc/arm-none-eabi/10.3.1/../../../../arm-none-eabi/lib/thumb/v6-m/nofp/libc_nano.a
LOAD /opt/gcc-arm-none-eabi-10.3-2021.10/bin/../lib/gcc/arm-none-eabi/10.3.1/../../../../arm-none-eabi/lib/thumb/v6-m/nofp/libm.a
LOAD /opt/gcc-arm-none-eabi-10.3-2021.10/bin/../lib/gcc/arm-none-eabi/10.3.1/../../../../arm-none-eabi/lib/thumb/v6-m/nofp/libnosys.a
START GROUP
LOAD /opt/gcc-arm-none-eabi-10.3-2021.10/bin/../lib/gcc/arm-none-eabi/10.3.1/thumb/v6-m/nofp/libgcc.a
LOAD /opt/gcc-arm-none-eabi-10.3-2021.10/bin/../lib/gcc/arm-none-eabi/10.3.1/../../../../arm-none-eabi/lib/thumb/v6-m/nofp/libc_nano.a
END GROUP
START GROUP
LOAD /opt/gcc-arm-none-eabi-10.3-2021.10/bin/../lib/gcc/arm-none-eabi/10.3.1/thumb/v6-m/nofp/libgcc.a
LOAD /opt/gcc-arm-none-eabi-10.3-2021.10/bin/../lib/gcc/arm-none-eabi/10.3.1/../../../../arm-none-eabi/lib/thumb/v6-m/nofp/libc_nano.a
END GROUP
LOAD /opt/gcc-arm-none-eabi-10.3-2021.10/bin/../lib/gcc/arm-none-eabi/10.3.1/thumb/v6-m/nofp/crtend.o
LOAD /opt/gcc-arm-none-eabi-10.3-2021.10/bin/../lib/gcc/arm-none-eabi/10.3.1/thumb/v6-m/nofp/crtn.o
                0x0000000020002000                _estack = (ORIGIN (RAM) + LENGTH (RAM))
                0x0000000000000200                _Min_Heap_Size = 0x200
                0x0000000000000400                _Min_Stack_Size = 0x400

.isr_vector     0x0000000008000000       0xc0
                0x0000000008000000                . = ALIGN (0x4)
 *(.isr_vector)
 .isr_vector    0x0000000008000000       0xc0 build/startup_stm32l051xx.o
                0x0000000008000000                g_pfnVectors
                0x00000000080000c0                . = ALIGN (0x4)

.text           0x00000000080000c0     0x25e4
                0x00000000080000c0                . = ALIGN (0x4)
 *(.text)
 .text          0x00000000080000c0       0x48 /opt/gcc-arm-none-eabi-10.3-2021.10/bin/../lib/gcc/arm-none-eabi/10.3.1/thumb/v6-m/nofp/crtbegin.o
 .text          0x0000000008000108      0x114 /opt/gcc-arm-none-eabi-10.3-2021.10/bin/../lib/gcc/arm-none-eabi/10.3.1/thumb/v6-m/nofp/libgcc.a(_udivsi3.o)
                0x0000000008000108                __udivsi3
                0x0000000008000108                __aeabi_uidiv
                0x0000000008000214                __aeabi_uidivmod
 .text          0x000000000800021c        0x4 /opt/gcc-arm-none-eabi-10.3-2021.10/bin/../lib/gcc/arm-none-eabi/10.3.1/thumb/v6-m/nofp/libgcc.a(_dvmd_tls.o)
                0x000000000800021c                __aeabi_ldiv0
                0x000000000800021c                __aeabi_idiv0
 .text          0x0000000008000220       0x40 /opt/gcc-arm-none-eabi-10.3-2021.10/bin/../lib/gcc/arm-none-eabi/10.3.1/thumb/v6-m/nofp/libgcc.a(_aeabi_uldivmod.o)
                0x0000000008000220                __aeabi_uldivmod
 .text          0x0000000008000260       0x5c /opt/gcc-arm-none-eabi-10.3-2021.10/bin/../lib/gcc/arm-none-eabi/10.3.1/thumb/v6-m/nofp/libgcc.a(_muldi3.o)
                0x0000000008000260                __aeabi_lmul
                0x0000000008000260                __muldi3
 .text          0x00000000080002bc      0x198 /opt/gcc-arm-none-eabi-10.3-2021.10/bin/../lib/gcc/arm-none-eabi/10.3.1/thumb/v6-m/nofp/libgcc.a(_udivmoddi4.o)
                0x00000000080002bc                __udivmoddi4
 .text          0x0000000008000454       0x18 /opt/gcc-arm-none-eabi-10.3-2021.10/bin/../lib/gcc/arm-none-eabi/10.3.1/thumb/v6-m/nofp/libgcc.a(_clzdi2.o)
                0x0000000008000454                __clzdi2
 .text          0x000000000800046c       0x3c /opt/gcc-arm-none-eabi-10.3-2021.10/bin/../lib/gcc/arm-none-eabi/10.3.1/thumb/v6-m/nofp/libgcc.a(_clzsi2.o)
                0x000000000800046c                __clzsi2
 *(.text*)
 .text.MX_GPIO_Init
                0x00000000080004a8       0xe0 build/main.o
 .text.HAL_TIM_PeriodElapsedCallback
                0x0000000008000588       0x18 build/main.o
                0x0000000008000588                HAL_TIM_PeriodElapsedCallback
 .text.Error_Handler
                0x00000000080005a0        0x4 build/main.o
                0x00000000080005a0                Error_Handler
 .text.MX_ADC_Init
                0x00000000080005a4       0xb0 build/main.o
 .text.MX_I2C1_Init
                0x0000000008000654       0x58 build/main.o
 .text.MX_LPTIM1_Init
                0x00000000080006ac       0x38 build/main.o
 .text.MX_LPUART1_UART_Init
                0x00000000080006e4       0x3c build/main.o
 .text.MX_USART1_UART_Init
                0x0000000008000720       0x38 build/main.o
 .text.MX_RTC_Init
                0x0000000008000758       0x48 build/main.o
 .text.SystemClock_Config
                0x00000000080007a0       0xb4 build/main.o
                0x00000000080007a0                SystemClock_Config
 .text.main     0x0000000008000854       0x28 build/main.o
                0x0000000008000854                main
 .text.NMI_Handler
                0x000000000800087c        0x2 build/stm32l0xx_it.o
                0x000000000800087c                NMI_Handler
 .text.HardFault_Handler
                0x000000000800087e        0x2 build/stm32l0xx_it.o
                0x000000000800087e                HardFault_Handler
 .text.SVC_Handler
                0x0000000008000880        0x2 build/stm32l0xx_it.o
                0x0000000008000880                SVC_Handler
 .text.PendSV_Handler
                0x0000000008000882        0x2 build/stm32l0xx_it.o
                0x0000000008000882                PendSV_Handler
 .text.SysTick_Handler
                0x0000000008000884        0x2 build/stm32l0xx_it.o
                0x0000000008000884                SysTick_Handler
 *fill*         0x0000000008000886        0x2 
 .text.TIM6_IRQHandler
                0x0000000008000888       0x10 build/stm32l0xx_it.o
                0x0000000008000888                TIM6_IRQHandler
 .text.HAL_MspInit
                0x0000000008000898       0x1c build/stm32l0xx_hal_msp.o
                0x0000000008000898                HAL_MspInit
 .text.HAL_ADC_MspInit
                0x00000000080008b4       0x54 build/stm32l0xx_hal_msp.o
                0x00000000080008b4                HAL_ADC_MspInit
 .text.HAL_I2C_MspInit
                0x0000000008000908       0x60 build/stm32l0xx_hal_msp.o
                0x0000000008000908                HAL_I2C_MspInit
 .text.HAL_LPTIM_MspInit
                0x0000000008000968       0x20 build/stm32l0xx_hal_msp.o
                0x0000000008000968                HAL_LPTIM_MspInit
 .text.HAL_UART_MspInit
                0x0000000008000988       0xa4 build/stm32l0xx_hal_msp.o
                0x0000000008000988                HAL_UART_MspInit
 .text.HAL_RTC_MspInit
                0x0000000008000a2c       0x50 build/stm32l0xx_hal_msp.o
                0x0000000008000a2c                HAL_RTC_MspInit
 .text.ADC_DelayMicroSecond
                0x0000000008000a7c       0x30 build/stm32l0xx_hal_adc.o
 .text.HAL_ADC_Init
                0x0000000008000aac      0x1ec build/stm32l0xx_hal_adc.o
                0x0000000008000aac                HAL_ADC_Init
 .text.HAL_ADC_ConfigChannel
                0x0000000008000c98       0xbc build/stm32l0xx_hal_adc.o
                0x0000000008000c98                HAL_ADC_ConfigChannel
 .text.HAL_Init
                0x0000000008000d54       0x28 build/stm32l0xx_hal.o
                0x0000000008000d54                HAL_Init
 .text.HAL_IncTick
                0x0000000008000d7c       0x18 build/stm32l0xx_hal.o
                0x0000000008000d7c                HAL_IncTick
 .text.HAL_GetTick
                0x0000000008000d94        0xc build/stm32l0xx_hal.o
                0x0000000008000d94                HAL_GetTick
 .text.HAL_I2C_Init
                0x0000000008000da0       0xcc build/stm32l0xx_hal_i2c.o
                0x0000000008000da0                HAL_I2C_Init
 .text.HAL_I2CEx_ConfigAnalogFilter
                0x0000000008000e6c       0x58 build/stm32l0xx_hal_i2c_ex.o
                0x0000000008000e6c                HAL_I2CEx_ConfigAnalogFilter
 .text.HAL_I2CEx_ConfigDigitalFilter
                0x0000000008000ec4       0x54 build/stm32l0xx_hal_i2c_ex.o
                0x0000000008000ec4                HAL_I2CEx_ConfigDigitalFilter
 .text.HAL_RCC_GetSysClockFreq
                0x0000000008000f18       0xb0 build/stm32l0xx_hal_rcc.o
                0x0000000008000f18                HAL_RCC_GetSysClockFreq
 .text.HAL_RCC_OscConfig
                0x0000000008000fc8      0x50c build/stm32l0xx_hal_rcc.o
                0x0000000008000fc8                HAL_RCC_OscConfig
 .text.HAL_RCC_ClockConfig
                0x00000000080014d4      0x1d8 build/stm32l0xx_hal_rcc.o
                0x00000000080014d4                HAL_RCC_ClockConfig
 .text.HAL_RCC_GetHCLKFreq
                0x00000000080016ac        0xc build/stm32l0xx_hal_rcc.o
                0x00000000080016ac                HAL_RCC_GetHCLKFreq
 .text.HAL_RCC_GetPCLK1Freq
                0x00000000080016b8       0x20 build/stm32l0xx_hal_rcc.o
                0x00000000080016b8                HAL_RCC_GetPCLK1Freq
 .text.HAL_RCC_GetPCLK2Freq
                0x00000000080016d8       0x20 build/stm32l0xx_hal_rcc.o
                0x00000000080016d8                HAL_RCC_GetPCLK2Freq
 .text.HAL_RCC_GetClockConfig
                0x00000000080016f8       0x40 build/stm32l0xx_hal_rcc.o
                0x00000000080016f8                HAL_RCC_GetClockConfig
 .text.HAL_RCCEx_PeriphCLKConfig
                0x0000000008001738      0x1b8 build/stm32l0xx_hal_rcc_ex.o
                0x0000000008001738                HAL_RCCEx_PeriphCLKConfig
 .text.HAL_GPIO_Init
                0x00000000080018f0      0x190 build/stm32l0xx_hal_gpio.o
                0x00000000080018f0                HAL_GPIO_Init
 .text.HAL_GPIO_WritePin
                0x0000000008001a80        0xc build/stm32l0xx_hal_gpio.o
                0x0000000008001a80                HAL_GPIO_WritePin
 .text.HAL_NVIC_SetPriority
                0x0000000008001a8c       0x60 build/stm32l0xx_hal_cortex.o
                0x0000000008001a8c                HAL_NVIC_SetPriority
 .text.HAL_NVIC_EnableIRQ
                0x0000000008001aec       0x18 build/stm32l0xx_hal_cortex.o
                0x0000000008001aec                HAL_NVIC_EnableIRQ
 .text.HAL_LPTIM_Init
                0x0000000008001b04       0xa8 build/stm32l0xx_hal_lptim.o
                0x0000000008001b04                HAL_LPTIM_Init
 .text.UART_SetConfig
                0x0000000008001bac      0x2a8 build/stm32l0xx_hal_uart.o
                0x0000000008001bac                UART_SetConfig
 .text.UART_AdvFeatureConfig
                0x0000000008001e54       0xe0 build/stm32l0xx_hal_uart.o
                0x0000000008001e54                UART_AdvFeatureConfig
 .text.UART_WaitOnFlagUntilTimeout
                0x0000000008001f34       0xdc build/stm32l0xx_hal_uart.o
                0x0000000008001f34                UART_WaitOnFlagUntilTimeout
 .text.UART_CheckIdleState
                0x0000000008002010       0x70 build/stm32l0xx_hal_uart.o
                0x0000000008002010                UART_CheckIdleState
 .text.HAL_UART_Init
                0x0000000008002080       0x6c build/stm32l0xx_hal_uart.o
                0x0000000008002080                HAL_UART_Init
 .text.TIM_Base_SetConfig
                0x00000000080020ec       0x60 build/stm32l0xx_hal_tim.o
 .text.HAL_TIM_Base_MspInit
                0x000000000800214c        0x2 build/stm32l0xx_hal_tim.o
                0x000000000800214c                HAL_TIM_Base_MspInit
 .text.HAL_TIM_Base_Init
                0x000000000800214e       0x48 build/stm32l0xx_hal_tim.o
                0x000000000800214e                HAL_TIM_Base_Init
 *fill*         0x0000000008002196        0x2 
 .text.HAL_TIM_Base_Start_IT
                0x0000000008002198       0x60 build/stm32l0xx_hal_tim.o
                0x0000000008002198                HAL_TIM_Base_Start_IT
 .text.HAL_TIM_OC_DelayElapsedCallback
                0x00000000080021f8        0x2 build/stm32l0xx_hal_tim.o
                0x00000000080021f8                HAL_TIM_OC_DelayElapsedCallback
 .text.HAL_TIM_IC_CaptureCallback
                0x00000000080021fa        0x2 build/stm32l0xx_hal_tim.o
                0x00000000080021fa                HAL_TIM_IC_CaptureCallback
 .text.HAL_TIM_PWM_PulseFinishedCallback
                0x00000000080021fc        0x2 build/stm32l0xx_hal_tim.o
                0x00000000080021fc                HAL_TIM_PWM_PulseFinishedCallback
 .text.HAL_TIM_TriggerCallback
                0x00000000080021fe        0x2 build/stm32l0xx_hal_tim.o
                0x00000000080021fe                HAL_TIM_TriggerCallback
 .text.HAL_TIM_IRQHandler
                0x0000000008002200      0x122 build/stm32l0xx_hal_tim.o
                0x0000000008002200                HAL_TIM_IRQHandler
 .text.SystemInit
                0x0000000008002322        0x2 build/system_stm32l0xx.o
                0x0000000008002322                SystemInit
 .text.HAL_InitTick
                0x0000000008002324       0x9c build/stm32l0xx_hal_timebase_tim.o
                0x0000000008002324                HAL_InitTick
 .text.HAL_RTC_WaitForSynchro
                0x00000000080023c0       0x32 build/stm32l0xx_hal_rtc.o
                0x00000000080023c0                HAL_RTC_WaitForSynchro
 .text.RTC_EnterInitMode
                0x00000000080023f2       0x3a build/stm32l0xx_hal_rtc.o
                0x00000000080023f2                RTC_EnterInitMode
 .text.HAL_RTC_Init
                0x000000000800242c       0xd8 build/stm32l0xx_hal_rtc.o
                0x000000000800242c                HAL_RTC_Init
 .text.HAL_RTCEx_SetWakeUpTimer
                0x0000000008002504       0xdc build/stm32l0xx_hal_rtc_ex.o
                0x0000000008002504                HAL_RTCEx_SetWakeUpTimer
 .text.Reset_Handler
                0x00000000080025e0       0x50 build/startup_stm32l051xx.o
                0x00000000080025e0                Reset_Handler
 .text.Default_Handler
                0x0000000008002630        0x2 build/startup_stm32l051xx.o
                0x0000000008002630                ADC1_COMP_IRQHandler
                0x0000000008002630                PVD_IRQHandler
                0x0000000008002630                I2C1_IRQHandler
                0x0000000008002630                SPI1_IRQHandler
                0x0000000008002630                EXTI2_3_IRQHandler
                0x0000000008002630                I2C2_IRQHandler
                0x0000000008002630                RTC_IRQHandler
                0x0000000008002630                DMA1_Channel4_5_6_7_IRQHandler
                0x0000000008002630                EXTI4_15_IRQHandler
                0x0000000008002630                RCC_IRQHandler
                0x0000000008002630                DMA1_Channel1_IRQHandler
                0x0000000008002630                Default_Handler
                0x0000000008002630                TIM22_IRQHandler
                0x0000000008002630                EXTI0_1_IRQHandler
                0x0000000008002630                SPI2_IRQHandler
                0x0000000008002630                TIM21_IRQHandler
                0x0000000008002630                WWDG_IRQHandler
                0x0000000008002630                LPUART1_IRQHandler
                0x0000000008002630                TIM2_IRQHandler
                0x0000000008002630                DMA1_Channel2_3_IRQHandler
                0x0000000008002630                USART2_IRQHandler
                0x0000000008002630                FLASH_IRQHandler
                0x0000000008002630                USART1_IRQHandler
                0x0000000008002630                LPTIM1_IRQHandler
 *fill*         0x0000000008002632        0x2 
 .text.__libc_init_array
                0x0000000008002634       0x48 /opt/gcc-arm-none-eabi-10.3-2021.10/bin/../lib/gcc/arm-none-eabi/10.3.1/../../../../arm-none-eabi/lib/thumb/v6-m/nofp/libc_nano.a(lib_a-init.o)
                0x0000000008002634                __libc_init_array
 .text.memset   0x000000000800267c       0x10 /opt/gcc-arm-none-eabi-10.3-2021.10/bin/../lib/gcc/arm-none-eabi/10.3.1/../../../../arm-none-eabi/lib/thumb/v6-m/nofp/libc_nano.a(lib_a-memset.o)
                0x000000000800267c                memset
 *(.glue_7)
 .glue_7        0x000000000800268c        0x0 linker stubs
 *(.glue_7t)
 .glue_7t       0x000000000800268c        0x0 linker stubs
 *(.eh_frame)
 .eh_frame      0x000000000800268c        0x0 /opt/gcc-arm-none-eabi-10.3-2021.10/bin/../lib/gcc/arm-none-eabi/10.3.1/thumb/v6-m/nofp/crtbegin.o
 *(.init)
 .init          0x000000000800268c        0x4 /opt/gcc-arm-none-eabi-10.3-2021.10/bin/../lib/gcc/arm-none-eabi/10.3.1/thumb/v6-m/nofp/crti.o
                0x000000000800268c                _init
 .init          0x0000000008002690        0x8 /opt/gcc-arm-none-eabi-10.3-2021.10/bin/../lib/gcc/arm-none-eabi/10.3.1/thumb/v6-m/nofp/crtn.o
 *(.fini)
 .fini          0x0000000008002698        0x4 /opt/gcc-arm-none-eabi-10.3-2021.10/bin/../lib/gcc/arm-none-eabi/10.3.1/thumb/v6-m/nofp/crti.o
                0x0000000008002698                _fini
 .fini          0x000000000800269c        0x8 /opt/gcc-arm-none-eabi-10.3-2021.10/bin/../lib/gcc/arm-none-eabi/10.3.1/thumb/v6-m/nofp/crtn.o
                0x00000000080026a4                . = ALIGN (0x4)
                0x00000000080026a4                _etext = .

.vfp11_veneer   0x00000000080026a4        0x0
 .vfp11_veneer  0x00000000080026a4        0x0 linker stubs

.v4_bx          0x00000000080026a4        0x0
 .v4_bx         0x00000000080026a4        0x0 linker stubs

.iplt           0x00000000080026a4        0x0
 .iplt          0x00000000080026a4        0x0 /opt/gcc-arm-none-eabi-10.3-2021.10/bin/../lib/gcc/arm-none-eabi/10.3.1/thumb/v6-m/nofp/crtbegin.o

.rodata         0x00000000080026a4       0x6c
                0x00000000080026a4                . = ALIGN (0x4)
 *(.rodata)
 *(.rodata*)
 .rodata.UART_SetConfig
                0x00000000080026a4       0x48 build/stm32l0xx_hal_uart.o
 .rodata.AHBPrescTable
                0x00000000080026ec       0x10 build/system_stm32l0xx.o
                0x00000000080026ec                AHBPrescTable
 .rodata.APBPrescTable
                0x00000000080026fc        0x8 build/system_stm32l0xx.o
                0x00000000080026fc                APBPrescTable
 .rodata.PLLMulTable
                0x0000000008002704        0x9 build/system_stm32l0xx.o
                0x0000000008002704                PLLMulTable
                0x0000000008002710                . = ALIGN (0x4)
 *fill*         0x000000000800270d        0x3 

.ARM.extab
 *(.ARM.extab* .gnu.linkonce.armextab.*)

.ARM            0x0000000008002710        0x8
                0x0000000008002710                __exidx_start = .
 *(.ARM.exidx*)
 .ARM.exidx     0x0000000008002710        0x8 /opt/gcc-arm-none-eabi-10.3-2021.10/bin/../lib/gcc/arm-none-eabi/10.3.1/thumb/v6-m/nofp/libgcc.a(_udivmoddi4.o)
                0x0000000008002718                __exidx_end = .

.rel.dyn        0x0000000008002718        0x0
 .rel.iplt      0x0000000008002718        0x0 /opt/gcc-arm-none-eabi-10.3-2021.10/bin/../lib/gcc/arm-none-eabi/10.3.1/thumb/v6-m/nofp/crtbegin.o

.preinit_array  0x0000000008002718        0x0
                0x0000000008002718                PROVIDE (__preinit_array_start = .)
 *(.preinit_array*)
                0x0000000008002718                PROVIDE (__preinit_array_end = .)

.init_array     0x0000000008002718        0x4
                0x0000000008002718                PROVIDE (__init_array_start = .)
 *(SORT_BY_NAME(.init_array.*))
 *(.init_array*)
 .init_array    0x0000000008002718        0x4 /opt/gcc-arm-none-eabi-10.3-2021.10/bin/../lib/gcc/arm-none-eabi/10.3.1/thumb/v6-m/nofp/crtbegin.o
                0x000000000800271c                PROVIDE (__init_array_end = .)

.fini_array     0x000000000800271c        0x4
                [!provide]                        PROVIDE (__fini_array_start = .)
 *(SORT_BY_NAME(.fini_array.*))
 *(.fini_array*)
 .fini_array    0x000000000800271c        0x4 /opt/gcc-arm-none-eabi-10.3-2021.10/bin/../lib/gcc/arm-none-eabi/10.3.1/thumb/v6-m/nofp/crtbegin.o
                [!provide]                        PROVIDE (__fini_array_end = .)
                0x0000000008002720                _sidata = LOADADDR (.data)

.data           0x0000000020000000        0xc load address 0x0000000008002720
                0x0000000020000000                . = ALIGN (0x4)
                0x0000000020000000                _sdata = .
 *(.data)
 *(.data*)
 .data.uwTickFreq
                0x0000000020000000        0x1 build/stm32l0xx_hal.o
                0x0000000020000000                uwTickFreq
 *fill*         0x0000000020000001        0x3 
 .data.uwTickPrio
                0x0000000020000004        0x4 build/stm32l0xx_hal.o
                0x0000000020000004                uwTickPrio
 .data.SystemCoreClock
                0x0000000020000008        0x4 build/system_stm32l0xx.o
                0x0000000020000008                SystemCoreClock
                0x000000002000000c                . = ALIGN (0x4)
                0x000000002000000c                _edata = .

.igot.plt       0x000000002000000c        0x0 load address 0x000000000800272c
 .igot.plt      0x000000002000000c        0x0 /opt/gcc-arm-none-eabi-10.3-2021.10/bin/../lib/gcc/arm-none-eabi/10.3.1/thumb/v6-m/nofp/crtbegin.o
                0x000000002000000c                . = ALIGN (0x4)

.bss            0x000000002000000c      0x264 load address 0x000000000800272c
                0x000000002000000c                _sbss = .
                0x000000002000000c                __bss_start__ = _sbss
 *(.bss)
 .bss           0x000000002000000c       0x1c /opt/gcc-arm-none-eabi-10.3-2021.10/bin/../lib/gcc/arm-none-eabi/10.3.1/thumb/v6-m/nofp/crtbegin.o
 *(.bss*)
 .bss.hadc      0x0000000020000028       0x5c build/main.o
                0x0000000020000028                hadc
 .bss.hi2c1     0x0000000020000084       0x4c build/main.o
                0x0000000020000084                hi2c1
 .bss.hlptim1   0x00000000200000d0       0x30 build/main.o
                0x00000000200000d0                hlptim1
 .bss.hlpuart1  0x0000000020000100       0x84 build/main.o
                0x0000000020000100                hlpuart1
 .bss.hrtc      0x0000000020000184       0x24 build/main.o
                0x0000000020000184                hrtc
 .bss.huart1    0x00000000200001a8       0x84 build/main.o
                0x00000000200001a8                huart1
 .bss.uwTick    0x000000002000022c        0x4 build/stm32l0xx_hal.o
                0x000000002000022c                uwTick
 .bss.htim6     0x0000000020000230       0x40 build/stm32l0xx_hal_timebase_tim.o
                0x0000000020000230                htim6
 *(COMMON)
                0x0000000020000270                . = ALIGN (0x4)
                0x0000000020000270                _ebss = .
                0x0000000020000270                __bss_end__ = _ebss

._user_heap_stack
                0x0000000020000270      0x600 load address 0x000000000800272c
                0x0000000020000270                . = ALIGN (0x8)
                [!provide]                        PROVIDE (end = .)
                [!provide]                        PROVIDE (_end = .)
                0x0000000020000470                . = (. + _Min_Heap_Size)
 *fill*         0x0000000020000270      0x200 
                0x0000000020000870                . = (. + _Min_Stack_Size)
 *fill*         0x0000000020000470      0x400 
                0x0000000020000870                . = ALIGN (0x8)

/DISCARD/
 libc.a(*)
 libm.a(*)
 libgcc.a(*)

.ARM.attributes
                0x0000000000000000       0x28
 *(.ARM.attributes)
 .ARM.attributes
                0x0000000000000000       0x1e /opt/gcc-arm-none-eabi-10.3-2021.10/bin/../lib/gcc/arm-none-eabi/10.3.1/thumb/v6-m/nofp/crti.o
 .ARM.attributes
                0x000000000000001e       0x2c /opt/gcc-arm-none-eabi-10.3-2021.10/bin/../lib/gcc/arm-none-eabi/10.3.1/thumb/v6-m/nofp/crtbegin.o
 .ARM.attributes
                0x000000000000004a       0x2c build/main.o
 .ARM.attributes
                0x0000000000000076       0x2c build/stm32l0xx_it.o
 .ARM.attributes
                0x00000000000000a2       0x2c build/stm32l0xx_hal_msp.o
 .ARM.attributes
                0x00000000000000ce       0x2c build/stm32l0xx_hal_adc.o
 .ARM.attributes
                0x00000000000000fa       0x2c build/stm32l0xx_hal.o
 .ARM.attributes
                0x0000000000000126       0x2c build/stm32l0xx_hal_i2c.o
 .ARM.attributes
                0x0000000000000152       0x2c build/stm32l0xx_hal_i2c_ex.o
 .ARM.attributes
                0x000000000000017e       0x2c build/stm32l0xx_hal_rcc.o
 .ARM.attributes
                0x00000000000001aa       0x2c build/stm32l0xx_hal_rcc_ex.o
 .ARM.attributes
                0x00000000000001d6       0x2c build/stm32l0xx_hal_gpio.o
 .ARM.attributes
                0x0000000000000202       0x2c build/stm32l0xx_hal_cortex.o
 .ARM.attributes
                0x000000000000022e       0x2c build/stm32l0xx_hal_lptim.o
 .ARM.attributes
                0x000000000000025a       0x2c build/stm32l0xx_hal_uart.o
 .ARM.attributes
                0x0000000000000286       0x2c build/stm32l0xx_hal_tim.o
 .ARM.attributes
                0x00000000000002b2       0x2c build/system_stm32l0xx.o
 .ARM.attributes
                0x00000000000002de       0x2c build/stm32l0xx_hal_timebase_tim.o
 .ARM.attributes
                0x000000000000030a       0x2c build/stm32l0xx_hal_rtc.o
 .ARM.attributes
                0x0000000000000336       0x2c build/stm32l0xx_hal_rtc_ex.o
 .ARM.attributes
                0x0000000000000362       0x22 build/startup_stm32l051xx.o
 .ARM.attributes
                0x0000000000000384       0x2c /opt/gcc-arm-none-eabi-10.3-2021.10/bin/../lib/gcc/arm-none-eabi/10.3.1/../../../../arm-none-eabi/lib/thumb/v6-m/nofp/libc_nano.a(lib_a-init.o)
 .ARM.attributes
                0x00000000000003b0       0x2c /opt/gcc-arm-none-eabi-10.3-2021.10/bin/../lib/gcc/arm-none-eabi/10.3.1/../../../../arm-none-eabi/lib/thumb/v6-m/nofp/libc_nano.a(lib_a-memset.o)
 .ARM.attributes
                0x00000000000003dc       0x1e /opt/gcc-arm-none-eabi-10.3-2021.10/bin/../lib/gcc/arm-none-eabi/10.3.1/thumb/v6-m/nofp/libgcc.a(_udivsi3.o)
 .ARM.attributes
                0x00000000000003fa       0x1e /opt/gcc-arm-none-eabi-10.3-2021.10/bin/../lib/gcc/arm-none-eabi/10.3.1/thumb/v6-m/nofp/libgcc.a(_dvmd_tls.o)
 .ARM.attributes
                0x0000000000000418       0x1e /opt/gcc-arm-none-eabi-10.3-2021.10/bin/../lib/gcc/arm-none-eabi/10.3.1/thumb/v6-m/nofp/libgcc.a(_aeabi_uldivmod.o)
 .ARM.attributes
                0x0000000000000436       0x2c /opt/gcc-arm-none-eabi-10.3-2021.10/bin/../lib/gcc/arm-none-eabi/10.3.1/thumb/v6-m/nofp/libgcc.a(_muldi3.o)
 .ARM.attributes
                0x0000000000000462       0x2c /opt/gcc-arm-none-eabi-10.3-2021.10/bin/../lib/gcc/arm-none-eabi/10.3.1/thumb/v6-m/nofp/libgcc.a(_udivmoddi4.o)
 .ARM.attributes
                0x000000000000048e       0x1e /opt/gcc-arm-none-eabi-10.3-2021.10/bin/../lib/gcc/arm-none-eabi/10.3.1/thumb/v6-m/nofp/libgcc.a(_clzdi2.o)
 .ARM.attributes
                0x00000000000004ac       0x1e /opt/gcc-arm-none-eabi-10.3-2021.10/bin/../lib/gcc/arm-none-eabi/10.3.1/thumb/v6-m/nofp/libgcc.a(_clzsi2.o)
 .ARM.attributes
                0x00000000000004ca       0x1e /opt/gcc-arm-none-eabi-10.3-2021.10/bin/../lib/gcc/arm-none-eabi/10.3.1/thumb/v6-m/nofp/crtn.o
OUTPUT(build/cube_sensor.elf elf32-littlearm)
LOAD linker stubs
LOAD /opt/gcc-arm-none-eabi-10.3-2021.10/bin/../lib/gcc/arm-none-eabi/10.3.1/../../../../arm-none-eabi/lib/thumb/v6-m/nofp/libc.a
LOAD /opt/gcc-arm-none-eabi-10.3-2021.10/bin/../lib/gcc/arm-none-eabi/10.3.1/../../../../arm-none-eabi/lib/thumb/v6-m/nofp/libm.a
LOAD /opt/gcc-arm-none-eabi-10.3-2021.10/bin/../lib/gcc/arm-none-eabi/10.3.1/thumb/v6-m/nofp/libgcc.a

.debug_info     0x0000000000000000    0x1a561
 .debug_info    0x0000000000000000     0x21d6 build/main.o
 .debug_info    0x00000000000021d6      0x719 build/stm32l0xx_it.o
 .debug_info    0x00000000000028ef     0x1952 build/stm32l0xx_hal_msp.o
 .debug_info    0x0000000000004241     0x1152 build/stm32l0xx_hal_adc.o
 .debug_info    0x0000000000005393      0x9ed build/stm32l0xx_hal.o
 .debug_info    0x0000000000005d80     0x4169 build/stm32l0xx_hal_i2c.o
 .debug_info    0x0000000000009ee9      0x9de build/stm32l0xx_hal_i2c_ex.o
 .debug_info    0x000000000000a8c7      0xd6f build/stm32l0xx_hal_rcc.o
 .debug_info    0x000000000000b636      0x605 build/stm32l0xx_hal_rcc_ex.o
 .debug_info    0x000000000000bc3b      0x764 build/stm32l0xx_hal_gpio.o
 .debug_info    0x000000000000c39f      0xaa9 build/stm32l0xx_hal_cortex.o
 .debug_info    0x000000000000ce48     0x15e9 build/stm32l0xx_hal_lptim.o
 .debug_info    0x000000000000e431     0x5267 build/stm32l0xx_hal_uart.o
 .debug_info    0x0000000000013698     0x3dc9 build/stm32l0xx_hal_tim.o
 .debug_info    0x0000000000017461      0x383 build/system_stm32l0xx.o
 .debug_info    0x00000000000177e4      0xb29 build/stm32l0xx_hal_timebase_tim.o
 .debug_info    0x000000000001830d     0x103b build/stm32l0xx_hal_rtc.o
 .debug_info    0x0000000000019348     0x11f7 build/stm32l0xx_hal_rtc_ex.o
 .debug_info    0x000000000001a53f       0x22 build/startup_stm32l051xx.o

.debug_abbrev   0x0000000000000000     0x2938
 .debug_abbrev  0x0000000000000000      0x2cb build/main.o
 .debug_abbrev  0x00000000000002cb      0x18d build/stm32l0xx_it.o
 .debug_abbrev  0x0000000000000458      0x24c build/stm32l0xx_hal_msp.o
 .debug_abbrev  0x00000000000006a4      0x27e build/stm32l0xx_hal_adc.o
 .debug_abbrev  0x0000000000000922      0x29c build/stm32l0xx_hal.o
 .debug_abbrev  0x0000000000000bbe      0x2ba build/stm32l0xx_hal_i2c.o
 .debug_abbrev  0x0000000000000e78      0x1ac build/stm32l0xx_hal_i2c_ex.o
 .debug_abbrev  0x0000000000001024      0x2bf build/stm32l0xx_hal_rcc.o
 .debug_abbrev  0x00000000000012e3      0x1ef build/stm32l0xx_hal_rcc_ex.o
 .debug_abbrev  0x00000000000014d2      0x211 build/stm32l0xx_hal_gpio.o
 .debug_abbrev  0x00000000000016e3      0x2a2 build/stm32l0xx_hal_cortex.o
 .debug_abbrev  0x0000000000001985      0x267 build/stm32l0xx_hal_lptim.o
 .debug_abbrev  0x0000000000001bec      0x319 build/stm32l0xx_hal_uart.o
 .debug_abbrev  0x0000000000001f05      0x293 build/stm32l0xx_hal_tim.o
 .debug_abbrev  0x0000000000002198      0x134 build/system_stm32l0xx.o
 .debug_abbrev  0x00000000000022cc      0x22a build/stm32l0xx_hal_timebase_tim.o
 .debug_abbrev  0x00000000000024f6      0x20e build/stm32l0xx_hal_rtc.o
 .debug_abbrev  0x0000000000002704      0x222 build/stm32l0xx_hal_rtc_ex.o
 .debug_abbrev  0x0000000000002926       0x12 build/startup_stm32l051xx.o

.debug_loc      0x0000000000000000    0x153b5
 .debug_loc     0x0000000000000000      0x1b4 build/main.o
 .debug_loc     0x00000000000001b4       0x20 build/stm32l0xx_it.o
 .debug_loc     0x00000000000001d4      0x361 build/stm32l0xx_hal_msp.o
 .debug_loc     0x0000000000000535     0x1041 build/stm32l0xx_hal_adc.o
 .debug_loc     0x0000000000001576      0x212 build/stm32l0xx_hal.o
 .debug_loc     0x0000000000001788     0x53e7 build/stm32l0xx_hal_i2c.o
 .debug_loc     0x0000000000006b6f      0x290 build/stm32l0xx_hal_i2c_ex.o
 .debug_loc     0x0000000000006dff      0x878 build/stm32l0xx_hal_rcc.o
 .debug_loc     0x0000000000007677      0x3e3 build/stm32l0xx_hal_rcc_ex.o
 .debug_loc     0x0000000000007a5a      0x44c build/stm32l0xx_hal_gpio.o
 .debug_loc     0x0000000000007ea6      0x498 build/stm32l0xx_hal_cortex.o
 .debug_loc     0x000000000000833e     0x1060 build/stm32l0xx_hal_lptim.o
 .debug_loc     0x000000000000939e     0x426e build/stm32l0xx_hal_uart.o
 .debug_loc     0x000000000000d60c     0x5990 build/stm32l0xx_hal_tim.o
 .debug_loc     0x0000000000012f9c      0x20f build/system_stm32l0xx.o
 .debug_loc     0x00000000000131ab      0x138 build/stm32l0xx_hal_timebase_tim.o
 .debug_loc     0x00000000000132e3      0xdc2 build/stm32l0xx_hal_rtc.o
 .debug_loc     0x00000000000140a5     0x1310 build/stm32l0xx_hal_rtc_ex.o

.debug_aranges  0x0000000000000000     0x11b0
 .debug_aranges
                0x0000000000000000       0x70 build/main.o
 .debug_aranges
                0x0000000000000070       0x48 build/stm32l0xx_it.o
 .debug_aranges
                0x00000000000000b8       0x70 build/stm32l0xx_hal_msp.o
 .debug_aranges
                0x0000000000000128      0x100 build/stm32l0xx_hal_adc.o
 .debug_aranges
                0x0000000000000228      0x110 build/stm32l0xx_hal.o
 .debug_aranges
                0x0000000000000338      0x290 build/stm32l0xx_hal_i2c.o
 .debug_aranges
                0x00000000000005c8       0x48 build/stm32l0xx_hal_i2c_ex.o
 .debug_aranges
                0x0000000000000610       0x80 build/stm32l0xx_hal_rcc.o
 .debug_aranges
                0x0000000000000690       0x58 build/stm32l0xx_hal_rcc_ex.o
 .debug_aranges
                0x00000000000006e8       0x58 build/stm32l0xx_hal_gpio.o
 .debug_aranges
                0x0000000000000740       0x90 build/stm32l0xx_hal_cortex.o
 .debug_aranges
                0x00000000000007d0      0x168 build/stm32l0xx_hal_lptim.o
 .debug_aranges
                0x0000000000000938      0x228 build/stm32l0xx_hal_uart.o
 .debug_aranges
                0x0000000000000b60      0x3d0 build/stm32l0xx_hal_tim.o
 .debug_aranges
                0x0000000000000f30       0x28 build/system_stm32l0xx.o
 .debug_aranges
                0x0000000000000f58       0x30 build/stm32l0xx_hal_timebase_tim.o
 .debug_aranges
                0x0000000000000f88       0xe0 build/stm32l0xx_hal_rtc.o
 .debug_aranges
                0x0000000000001068      0x120 build/stm32l0xx_hal_rtc_ex.o
 .debug_aranges
                0x0000000000001188       0x28 build/startup_stm32l051xx.o

.debug_ranges   0x0000000000000000     0x1118
 .debug_ranges  0x0000000000000000       0x60 build/main.o
 .debug_ranges  0x0000000000000060       0x38 build/stm32l0xx_it.o
 .debug_ranges  0x0000000000000098       0x60 build/stm32l0xx_hal_msp.o
 .debug_ranges  0x00000000000000f8       0xf0 build/stm32l0xx_hal_adc.o
 .debug_ranges  0x00000000000001e8      0x100 build/stm32l0xx_hal.o
 .debug_ranges  0x00000000000002e8      0x280 build/stm32l0xx_hal_i2c.o
 .debug_ranges  0x0000000000000568       0x38 build/stm32l0xx_hal_i2c_ex.o
 .debug_ranges  0x00000000000005a0       0xa0 build/stm32l0xx_hal_rcc.o
 .debug_ranges  0x0000000000000640       0x48 build/stm32l0xx_hal_rcc_ex.o
 .debug_ranges  0x0000000000000688       0x48 build/stm32l0xx_hal_gpio.o
 .debug_ranges  0x00000000000006d0       0xe0 build/stm32l0xx_hal_cortex.o
 .debug_ranges  0x00000000000007b0      0x158 build/stm32l0xx_hal_lptim.o
 .debug_ranges  0x0000000000000908      0x218 build/stm32l0xx_hal_uart.o
 .debug_ranges  0x0000000000000b20      0x3c0 build/stm32l0xx_hal_tim.o
 .debug_ranges  0x0000000000000ee0       0x18 build/system_stm32l0xx.o
 .debug_ranges  0x0000000000000ef8       0x20 build/stm32l0xx_hal_timebase_tim.o
 .debug_ranges  0x0000000000000f18       0xd0 build/stm32l0xx_hal_rtc.o
 .debug_ranges  0x0000000000000fe8      0x110 build/stm32l0xx_hal_rtc_ex.o
 .debug_ranges  0x00000000000010f8       0x20 build/startup_stm32l051xx.o

.debug_line     0x0000000000000000    0x14beb
 .debug_line    0x0000000000000000      0x831 build/main.o
 .debug_line    0x0000000000000831      0x216 build/stm32l0xx_it.o
 .debug_line    0x0000000000000a47      0x4dc build/stm32l0xx_hal_msp.o
 .debug_line    0x0000000000000f23      0xfae build/stm32l0xx_hal_adc.o
 .debug_line    0x0000000000001ed1      0x5da build/stm32l0xx_hal.o
 .debug_line    0x00000000000024ab     0x48f1 build/stm32l0xx_hal_i2c.o
 .debug_line    0x0000000000006d9c      0x491 build/stm32l0xx_hal_i2c_ex.o
 .debug_line    0x000000000000722d      0xd15 build/stm32l0xx_hal_rcc.o
 .debug_line    0x0000000000007f42      0x6e6 build/stm32l0xx_hal_rcc_ex.o
 .debug_line    0x0000000000008628      0x635 build/stm32l0xx_hal_gpio.o
 .debug_line    0x0000000000008c5d      0x632 build/stm32l0xx_hal_cortex.o
 .debug_line    0x000000000000928f      0xf59 build/stm32l0xx_hal_lptim.o
 .debug_line    0x000000000000a1e8     0x3d55 build/stm32l0xx_hal_uart.o
 .debug_line    0x000000000000df3d     0x40dd build/stm32l0xx_hal_tim.o
 .debug_line    0x000000000001201a      0x23d build/system_stm32l0xx.o
 .debug_line    0x0000000000012257      0x2bd build/stm32l0xx_hal_timebase_tim.o
 .debug_line    0x0000000000012514     0x1152 build/stm32l0xx_hal_rtc.o
 .debug_line    0x0000000000013666     0x150e build/stm32l0xx_hal_rtc_ex.o
 .debug_line    0x0000000000014b74       0x77 build/startup_stm32l051xx.o

.debug_str      0x0000000000000000     0x51c9
 .debug_str     0x0000000000000000     0x13f3 build/main.o
                                       0x156f (size before relaxing)
 .debug_str     0x00000000000013f3       0x8a build/stm32l0xx_it.o
                                        0x6aa (size before relaxing)
 .debug_str     0x000000000000147d       0xfb build/stm32l0xx_hal_msp.o
                                        0xf6e (size before relaxing)
 .debug_str     0x0000000000001578      0x336 build/stm32l0xx_hal_adc.o
                                        0x968 (size before relaxing)
 .debug_str     0x00000000000018ae      0x563 build/stm32l0xx_hal.o
                                        0x827 (size before relaxing)
 .debug_str     0x0000000000001e11      0x886 build/stm32l0xx_hal_i2c.o
                                        0xf6c (size before relaxing)
 .debug_str     0x0000000000002697       0xb5 build/stm32l0xx_hal_i2c_ex.o
                                        0x82b (size before relaxing)
 .debug_str     0x000000000000274c      0x1fa build/stm32l0xx_hal_rcc.o
                                        0x6e1 (size before relaxing)
 .debug_str     0x0000000000002946      0x13a build/stm32l0xx_hal_rcc_ex.o
                                        0x4e1 (size before relaxing)
 .debug_str     0x0000000000002a80       0xd5 build/stm32l0xx_hal_gpio.o
                                        0x441 (size before relaxing)
 .debug_str     0x0000000000002b55      0x354 build/stm32l0xx_hal_cortex.o
                                        0x6e5 (size before relaxing)
 .debug_str     0x0000000000002ea9      0x452 build/stm32l0xx_hal_lptim.o
                                        0x8fa (size before relaxing)
 .debug_str     0x00000000000032fb      0x7ab build/stm32l0xx_hal_uart.o
                                        0xf3c (size before relaxing)
 .debug_str     0x0000000000003aa6      0xe21 build/stm32l0xx_hal_tim.o
                                       0x157b (size before relaxing)
 .debug_str     0x00000000000048c7       0x5e build/system_stm32l0xx.o
                                        0x2c1 (size before relaxing)
 .debug_str     0x0000000000004925       0x5c build/stm32l0xx_hal_timebase_tim.o
                                        0x9f7 (size before relaxing)
 .debug_str     0x0000000000004981      0x324 build/stm32l0xx_hal_rtc.o
                                        0x73b (size before relaxing)
 .debug_str     0x0000000000004ca5      0x500 build/stm32l0xx_hal_rtc_ex.o
                                        0x9d3 (size before relaxing)
 .debug_str     0x00000000000051a5       0x24 build/startup_stm32l051xx.o
                                         0x5f (size before relaxing)

.comment        0x0000000000000000       0x49
 .comment       0x0000000000000000       0x49 build/main.o
                                         0x4a (size before relaxing)
 .comment       0x0000000000000049       0x4a build/stm32l0xx_it.o
 .comment       0x0000000000000049       0x4a build/stm32l0xx_hal_msp.o
 .comment       0x0000000000000049       0x4a build/stm32l0xx_hal_adc.o
 .comment       0x0000000000000049       0x4a build/stm32l0xx_hal.o
 .comment       0x0000000000000049       0x4a build/stm32l0xx_hal_i2c.o
 .comment       0x0000000000000049       0x4a build/stm32l0xx_hal_i2c_ex.o
 .comment       0x0000000000000049       0x4a build/stm32l0xx_hal_rcc.o
 .comment       0x0000000000000049       0x4a build/stm32l0xx_hal_rcc_ex.o
 .comment       0x0000000000000049       0x4a build/stm32l0xx_hal_gpio.o
 .comment       0x0000000000000049       0x4a build/stm32l0xx_hal_cortex.o
 .comment       0x0000000000000049       0x4a build/stm32l0xx_hal_lptim.o
 .comment       0x0000000000000049       0x4a build/stm32l0xx_hal_uart.o
 .comment       0x0000000000000049       0x4a build/stm32l0xx_hal_tim.o
 .comment       0x0000000000000049       0x4a build/system_stm32l0xx.o
 .comment       0x0000000000000049       0x4a build/stm32l0xx_hal_timebase_tim.o
 .comment       0x0000000000000049       0x4a build/stm32l0xx_hal_rtc.o
 .comment       0x0000000000000049       0x4a build/stm32l0xx_hal_rtc_ex.o

.debug_frame    0x0000000000000000     0x3050
 .debug_frame   0x0000000000000000      0x120 build/main.o
 .debug_frame   0x0000000000000120       0x78 build/stm32l0xx_it.o
 .debug_frame   0x0000000000000198      0x110 build/stm32l0xx_hal_msp.o
 .debug_frame   0x00000000000002a8      0x2bc build/stm32l0xx_hal_adc.o
 .debug_frame   0x0000000000000564      0x22c build/stm32l0xx_hal.o
 .debug_frame   0x0000000000000790      0x860 build/stm32l0xx_hal_i2c.o
 .debug_frame   0x0000000000000ff0       0xa8 build/stm32l0xx_hal_i2c_ex.o
 .debug_frame   0x0000000000001098      0x144 build/stm32l0xx_hal_rcc.o
 .debug_frame   0x00000000000011dc       0xac build/stm32l0xx_hal_rcc_ex.o
 .debug_frame   0x0000000000001288       0xc0 build/stm32l0xx_hal_gpio.o
 .debug_frame   0x0000000000001348      0x114 build/stm32l0xx_hal_cortex.o
 .debug_frame   0x000000000000145c      0x3d0 build/stm32l0xx_hal_lptim.o
 .debug_frame   0x000000000000182c      0x63c build/stm32l0xx_hal_uart.o
 .debug_frame   0x0000000000001e68      0xad0 build/stm32l0xx_hal_tim.o
 .debug_frame   0x0000000000002938       0x38 build/system_stm32l0xx.o
 .debug_frame   0x0000000000002970       0x4c build/stm32l0xx_hal_timebase_tim.o
 .debug_frame   0x00000000000029bc      0x258 build/stm32l0xx_hal_rtc.o
 .debug_frame   0x0000000000002c14      0x360 build/stm32l0xx_hal_rtc_ex.o
 .debug_frame   0x0000000000002f74       0x2c /opt/gcc-arm-none-eabi-10.3-2021.10/bin/../lib/gcc/arm-none-eabi/10.3.1/../../../../arm-none-eabi/lib/thumb/v6-m/nofp/libc_nano.a(lib_a-init.o)
 .debug_frame   0x0000000000002fa0       0x20 /opt/gcc-arm-none-eabi-10.3-2021.10/bin/../lib/gcc/arm-none-eabi/10.3.1/../../../../arm-none-eabi/lib/thumb/v6-m/nofp/libc_nano.a(lib_a-memset.o)
 .debug_frame   0x0000000000002fc0       0x20 /opt/gcc-arm-none-eabi-10.3-2021.10/bin/../lib/gcc/arm-none-eabi/10.3.1/thumb/v6-m/nofp/libgcc.a(_udivsi3.o)
 .debug_frame   0x0000000000002fe0       0x34 /opt/gcc-arm-none-eabi-10.3-2021.10/bin/../lib/gcc/arm-none-eabi/10.3.1/thumb/v6-m/nofp/libgcc.a(_muldi3.o)
 .debug_frame   0x0000000000003014       0x3c /opt/gcc-arm-none-eabi-10.3-2021.10/bin/../lib/gcc/arm-none-eabi/10.3.1/thumb/v6-m/nofp/libgcc.a(_udivmoddi4.o)

Cross Reference Table

Symbol                                            File
ADC1_COMP_IRQHandler                              build/startup_stm32l051xx.o
AHBPrescTable                                     build/system_stm32l0xx.o
                                                  build/stm32l0xx_hal_rcc.o
APBPrescTable                                     build/system_stm32l0xx.o
                                                  build/stm32l0xx_hal_rcc.o
DMA1_Channel1_IRQHandler                          build/startup_stm32l051xx.o
DMA1_Channel2_3_IRQHandler                        build/startup_stm32l051xx.o
DMA1_Channel4_5_6_7_IRQHandler                    build/startup_stm32l051xx.o
Default_Handler                                   build/startup_stm32l051xx.o
EXTI0_1_IRQHandler                                build/startup_stm32l051xx.o
EXTI2_3_IRQHandler                                build/startup_stm32l051xx.o
EXTI4_15_IRQHandler                               build/startup_stm32l051xx.o
Error_Handler                                     build/main.o
FLASH_IRQHandler                                  build/startup_stm32l051xx.o
FLASH_PageErase                                   build/stm32l0xx_hal_flash_ex.o
                                                  build/stm32l0xx_hal_flash.o
FLASH_WaitForLastOperation                        build/stm32l0xx_hal_flash.o
                                                  build/stm32l0xx_hal_flash_ex.o
HAL_ADCEx_Calibration_GetValue                    build/stm32l0xx_hal_adc_ex.o
HAL_ADCEx_Calibration_SetValue                    build/stm32l0xx_hal_adc_ex.o
HAL_ADCEx_Calibration_Start                       build/stm32l0xx_hal_adc_ex.o
HAL_ADCEx_DisableVREFINT                          build/stm32l0xx_hal_adc_ex.o
HAL_ADCEx_DisableVREFINTTempSensor                build/stm32l0xx_hal_adc_ex.o
HAL_ADCEx_EnableVREFINT                           build/stm32l0xx_hal_adc_ex.o
HAL_ADCEx_EnableVREFINTTempSensor                 build/stm32l0xx_hal_adc_ex.o
HAL_ADC_AnalogWDGConfig                           build/stm32l0xx_hal_adc.o
HAL_ADC_ConfigChannel                             build/stm32l0xx_hal_adc.o
                                                  build/main.o
HAL_ADC_ConvCpltCallback                          build/stm32l0xx_hal_adc.o
HAL_ADC_ConvHalfCpltCallback                      build/stm32l0xx_hal_adc.o
HAL_ADC_DeInit                                    build/stm32l0xx_hal_adc.o
HAL_ADC_ErrorCallback                             build/stm32l0xx_hal_adc.o
HAL_ADC_GetError                                  build/stm32l0xx_hal_adc.o
HAL_ADC_GetState                                  build/stm32l0xx_hal_adc.o
HAL_ADC_GetValue                                  build/stm32l0xx_hal_adc.o
HAL_ADC_IRQHandler                                build/stm32l0xx_hal_adc.o
HAL_ADC_Init                                      build/stm32l0xx_hal_adc.o
                                                  build/main.o
HAL_ADC_LevelOutOfWindowCallback                  build/stm32l0xx_hal_adc.o
HAL_ADC_MspDeInit                                 build/stm32l0xx_hal_msp.o
HAL_ADC_MspInit                                   build/stm32l0xx_hal_msp.o
HAL_ADC_PollForConversion                         build/stm32l0xx_hal_adc.o
HAL_ADC_PollForEvent                              build/stm32l0xx_hal_adc.o
HAL_ADC_Start                                     build/stm32l0xx_hal_adc.o
HAL_ADC_Start_DMA                                 build/stm32l0xx_hal_adc.o
HAL_ADC_Start_IT                                  build/stm32l0xx_hal_adc.o
HAL_ADC_Stop                                      build/stm32l0xx_hal_adc.o
HAL_ADC_Stop_DMA                                  build/stm32l0xx_hal_adc.o
HAL_ADC_Stop_IT                                   build/stm32l0xx_hal_adc.o
HAL_DBGMCU_DBG_DisableLowPowerConfig              build/stm32l0xx_hal.o
HAL_DBGMCU_DBG_EnableLowPowerConfig               build/stm32l0xx_hal.o
HAL_DBGMCU_DisableDBGSleepMode                    build/stm32l0xx_hal.o
HAL_DBGMCU_DisableDBGStandbyMode                  build/stm32l0xx_hal.o
HAL_DBGMCU_DisableDBGStopMode                     build/stm32l0xx_hal.o
HAL_DBGMCU_EnableDBGSleepMode                     build/stm32l0xx_hal.o
HAL_DBGMCU_EnableDBGStandbyMode                   build/stm32l0xx_hal.o
HAL_DBGMCU_EnableDBGStopMode                      build/stm32l0xx_hal.o
HAL_DMA_Abort                                     build/stm32l0xx_hal_dma.o
                                                  build/stm32l0xx_hal_uart.o
                                                  build/stm32l0xx_hal_adc.o
HAL_DMA_Abort_IT                                  build/stm32l0xx_hal_dma.o
                                                  build/stm32l0xx_hal_tim.o
                                                  build/stm32l0xx_hal_uart.o
                                                  build/stm32l0xx_hal_i2c.o
HAL_DMA_DeInit                                    build/stm32l0xx_hal_dma.o
HAL_DMA_GetError                                  build/stm32l0xx_hal_dma.o
                                                  build/stm32l0xx_hal_uart.o
HAL_DMA_GetState                                  build/stm32l0xx_hal_dma.o
                                                  build/stm32l0xx_hal_i2c.o
HAL_DMA_IRQHandler                                build/stm32l0xx_hal_dma.o
HAL_DMA_Init                                      build/stm32l0xx_hal_dma.o
HAL_DMA_PollForTransfer                           build/stm32l0xx_hal_dma.o
HAL_DMA_RegisterCallback                          build/stm32l0xx_hal_dma.o
HAL_DMA_Start                                     build/stm32l0xx_hal_dma.o
HAL_DMA_Start_IT                                  build/stm32l0xx_hal_dma.o
                                                  build/stm32l0xx_hal_tim.o
                                                  build/stm32l0xx_hal_uart.o
                                                  build/stm32l0xx_hal_i2c.o
                                                  build/stm32l0xx_hal_adc.o
HAL_DMA_UnRegisterCallback                        build/stm32l0xx_hal_dma.o
HAL_DeInit                                        build/stm32l0xx_hal.o
HAL_Delay                                         build/stm32l0xx_hal.o
HAL_EXTI_ClearConfigLine                          build/stm32l0xx_hal_exti.o
HAL_EXTI_ClearPending                             build/stm32l0xx_hal_exti.o
HAL_EXTI_GenerateSWI                              build/stm32l0xx_hal_exti.o
HAL_EXTI_GetConfigLine                            build/stm32l0xx_hal_exti.o
HAL_EXTI_GetHandle                                build/stm32l0xx_hal_exti.o
HAL_EXTI_GetPending                               build/stm32l0xx_hal_exti.o
HAL_EXTI_IRQHandler                               build/stm32l0xx_hal_exti.o
HAL_EXTI_RegisterCallback                         build/stm32l0xx_hal_exti.o
HAL_EXTI_SetConfigLine                            build/stm32l0xx_hal_exti.o
HAL_FLASHEx_AdvOBGetConfig                        build/stm32l0xx_hal_flash_ex.o
HAL_FLASHEx_AdvOBProgram                          build/stm32l0xx_hal_flash_ex.o
HAL_FLASHEx_DATAEEPROM_DisableFixedTimeProgram    build/stm32l0xx_hal_flash_ex.o
HAL_FLASHEx_DATAEEPROM_EnableFixedTimeProgram     build/stm32l0xx_hal_flash_ex.o
HAL_FLASHEx_DATAEEPROM_Erase                      build/stm32l0xx_hal_flash_ex.o
HAL_FLASHEx_DATAEEPROM_Lock                       build/stm32l0xx_hal_flash_ex.o
HAL_FLASHEx_DATAEEPROM_Program                    build/stm32l0xx_hal_flash_ex.o
HAL_FLASHEx_DATAEEPROM_Unlock                     build/stm32l0xx_hal_flash_ex.o
HAL_FLASHEx_DisableRunPowerDown                   build/stm32l0xx_hal_flash_ramfunc.o
HAL_FLASHEx_EnableRunPowerDown                    build/stm32l0xx_hal_flash_ramfunc.o
HAL_FLASHEx_Erase                                 build/stm32l0xx_hal_flash_ex.o
HAL_FLASHEx_Erase_IT                              build/stm32l0xx_hal_flash_ex.o
HAL_FLASHEx_GetError                              build/stm32l0xx_hal_flash_ramfunc.o
HAL_FLASHEx_HalfPageProgram                       build/stm32l0xx_hal_flash_ramfunc.o
HAL_FLASHEx_OBGetConfig                           build/stm32l0xx_hal_flash_ex.o
HAL_FLASHEx_OBProgram                             build/stm32l0xx_hal_flash_ex.o
HAL_FLASHEx_OB_DeSelectPCROP                      build/stm32l0xx_hal_flash_ex.o
HAL_FLASHEx_OB_SelectPCROP                        build/stm32l0xx_hal_flash_ex.o
HAL_FLASH_EndOfOperationCallback                  build/stm32l0xx_hal_flash.o
HAL_FLASH_GetError                                build/stm32l0xx_hal_flash.o
HAL_FLASH_IRQHandler                              build/stm32l0xx_hal_flash.o
HAL_FLASH_Lock                                    build/stm32l0xx_hal_flash.o
HAL_FLASH_OB_Launch                               build/stm32l0xx_hal_flash.o
HAL_FLASH_OB_Lock                                 build/stm32l0xx_hal_flash.o
HAL_FLASH_OB_Unlock                               build/stm32l0xx_hal_flash.o
HAL_FLASH_OperationErrorCallback                  build/stm32l0xx_hal_flash.o
HAL_FLASH_Program                                 build/stm32l0xx_hal_flash.o
HAL_FLASH_Program_IT                              build/stm32l0xx_hal_flash.o
HAL_FLASH_Unlock                                  build/stm32l0xx_hal_flash.o
HAL_GPIO_DeInit                                   build/stm32l0xx_hal_gpio.o
                                                  build/stm32l0xx_hal_msp.o
HAL_GPIO_EXTI_Callback                            build/stm32l0xx_hal_gpio.o
HAL_GPIO_EXTI_IRQHandler                          build/stm32l0xx_hal_gpio.o
HAL_GPIO_Init                                     build/stm32l0xx_hal_gpio.o
                                                  build/stm32l0xx_hal_rcc.o
                                                  build/stm32l0xx_hal_msp.o
                                                  build/main.o
HAL_GPIO_LockPin                                  build/stm32l0xx_hal_gpio.o
HAL_GPIO_ReadPin                                  build/stm32l0xx_hal_gpio.o
HAL_GPIO_TogglePin                                build/stm32l0xx_hal_gpio.o
HAL_GPIO_WritePin                                 build/stm32l0xx_hal_gpio.o
                                                  build/main.o
HAL_GetDEVID                                      build/stm32l0xx_hal.o
HAL_GetHalVersion                                 build/stm32l0xx_hal.o
HAL_GetREVID                                      build/stm32l0xx_hal.o
HAL_GetTick                                       build/stm32l0xx_hal.o
                                                  build/stm32l0xx_hal_rtc_ex.o
                                                  build/stm32l0xx_hal_rtc.o
                                                  build/stm32l0xx_hal_uart_ex.o
                                                  build/stm32l0xx_hal_uart.o
                                                  build/stm32l0xx_hal_dma.o
                                                  build/stm32l0xx_hal_flash.o
                                                  build/stm32l0xx_hal_rcc_ex.o
                                                  build/stm32l0xx_hal_rcc.o
                                                  build/stm32l0xx_hal_i2c.o
                                                  build/stm32l0xx_hal_adc_ex.o
                                                  build/stm32l0xx_hal_adc.o
HAL_GetTickFreq                                   build/stm32l0xx_hal.o
HAL_GetTickPrio                                   build/stm32l0xx_hal.o
HAL_GetUIDw0                                      build/stm32l0xx_hal.o
HAL_GetUIDw1                                      build/stm32l0xx_hal.o
HAL_GetUIDw2                                      build/stm32l0xx_hal.o
HAL_HalfDuplex_EnableReceiver                     build/stm32l0xx_hal_uart.o
HAL_HalfDuplex_EnableTransmitter                  build/stm32l0xx_hal_uart.o
HAL_HalfDuplex_Init                               build/stm32l0xx_hal_uart.o
HAL_I2CEx_ConfigAnalogFilter                      build/stm32l0xx_hal_i2c_ex.o
                                                  build/main.o
HAL_I2CEx_ConfigDigitalFilter                     build/stm32l0xx_hal_i2c_ex.o
                                                  build/main.o
HAL_I2CEx_DisableFastModePlus                     build/stm32l0xx_hal_i2c_ex.o
HAL_I2CEx_DisableWakeUp                           build/stm32l0xx_hal_i2c_ex.o
HAL_I2CEx_EnableFastModePlus                      build/stm32l0xx_hal_i2c_ex.o
HAL_I2CEx_EnableWakeUp                            build/stm32l0xx_hal_i2c_ex.o
HAL_I2C_AbortCpltCallback                         build/stm32l0xx_hal_i2c.o
HAL_I2C_AddrCallback                              build/stm32l0xx_hal_i2c.o
HAL_I2C_DeInit                                    build/stm32l0xx_hal_i2c.o
HAL_I2C_DisableListen_IT                          build/stm32l0xx_hal_i2c.o
HAL_I2C_ER_IRQHandler                             build/stm32l0xx_hal_i2c.o
HAL_I2C_EV_IRQHandler                             build/stm32l0xx_hal_i2c.o
HAL_I2C_EnableListen_IT                           build/stm32l0xx_hal_i2c.o
HAL_I2C_ErrorCallback                             build/stm32l0xx_hal_i2c.o
HAL_I2C_GetError                                  build/stm32l0xx_hal_i2c.o
HAL_I2C_GetMode                                   build/stm32l0xx_hal_i2c.o
HAL_I2C_GetState                                  build/stm32l0xx_hal_i2c.o
HAL_I2C_Init                                      build/stm32l0xx_hal_i2c.o
                                                  build/main.o
HAL_I2C_IsDeviceReady                             build/stm32l0xx_hal_i2c.o
HAL_I2C_ListenCpltCallback                        build/stm32l0xx_hal_i2c.o
HAL_I2C_MasterRxCpltCallback                      build/stm32l0xx_hal_i2c.o
HAL_I2C_MasterTxCpltCallback                      build/stm32l0xx_hal_i2c.o
HAL_I2C_Master_Abort_IT                           build/stm32l0xx_hal_i2c.o
HAL_I2C_Master_Receive                            build/stm32l0xx_hal_i2c.o
HAL_I2C_Master_Receive_DMA                        build/stm32l0xx_hal_i2c.o
HAL_I2C_Master_Receive_IT                         build/stm32l0xx_hal_i2c.o
HAL_I2C_Master_Seq_Receive_DMA                    build/stm32l0xx_hal_i2c.o
HAL_I2C_Master_Seq_Receive_IT                     build/stm32l0xx_hal_i2c.o
HAL_I2C_Master_Seq_Transmit_DMA                   build/stm32l0xx_hal_i2c.o
HAL_I2C_Master_Seq_Transmit_IT                    build/stm32l0xx_hal_i2c.o
HAL_I2C_Master_Transmit                           build/stm32l0xx_hal_i2c.o
HAL_I2C_Master_Transmit_DMA                       build/stm32l0xx_hal_i2c.o
HAL_I2C_Master_Transmit_IT                        build/stm32l0xx_hal_i2c.o
HAL_I2C_MemRxCpltCallback                         build/stm32l0xx_hal_i2c.o
HAL_I2C_MemTxCpltCallback                         build/stm32l0xx_hal_i2c.o
HAL_I2C_Mem_Read                                  build/stm32l0xx_hal_i2c.o
HAL_I2C_Mem_Read_DMA                              build/stm32l0xx_hal_i2c.o
HAL_I2C_Mem_Read_IT                               build/stm32l0xx_hal_i2c.o
HAL_I2C_Mem_Write                                 build/stm32l0xx_hal_i2c.o
HAL_I2C_Mem_Write_DMA                             build/stm32l0xx_hal_i2c.o
HAL_I2C_Mem_Write_IT                              build/stm32l0xx_hal_i2c.o
HAL_I2C_MspDeInit                                 build/stm32l0xx_hal_msp.o
HAL_I2C_MspInit                                   build/stm32l0xx_hal_msp.o
HAL_I2C_SlaveRxCpltCallback                       build/stm32l0xx_hal_i2c.o
HAL_I2C_SlaveTxCpltCallback                       build/stm32l0xx_hal_i2c.o
HAL_I2C_Slave_Receive                             build/stm32l0xx_hal_i2c.o
HAL_I2C_Slave_Receive_DMA                         build/stm32l0xx_hal_i2c.o
HAL_I2C_Slave_Receive_IT                          build/stm32l0xx_hal_i2c.o
HAL_I2C_Slave_Seq_Receive_DMA                     build/stm32l0xx_hal_i2c.o
HAL_I2C_Slave_Seq_Receive_IT                      build/stm32l0xx_hal_i2c.o
HAL_I2C_Slave_Seq_Transmit_DMA                    build/stm32l0xx_hal_i2c.o
HAL_I2C_Slave_Seq_Transmit_IT                     build/stm32l0xx_hal_i2c.o
HAL_I2C_Slave_Transmit                            build/stm32l0xx_hal_i2c.o
HAL_I2C_Slave_Transmit_DMA                        build/stm32l0xx_hal_i2c.o
HAL_I2C_Slave_Transmit_IT                         build/stm32l0xx_hal_i2c.o
HAL_IncTick                                       build/stm32l0xx_hal.o
                                                  build/main.o
HAL_Init                                          build/stm32l0xx_hal.o
                                                  build/main.o
HAL_InitTick                                      build/stm32l0xx_hal_timebase_tim.o
                                                  build/stm32l0xx_hal.o
                                                  build/stm32l0xx_hal_rcc.o
HAL_LIN_Init                                      build/stm32l0xx_hal_uart.o
HAL_LIN_SendBreak                                 build/stm32l0xx_hal_uart.o
HAL_LPTIM_AutoReloadMatchCallback                 build/stm32l0xx_hal_lptim.o
HAL_LPTIM_AutoReloadWriteCallback                 build/stm32l0xx_hal_lptim.o
HAL_LPTIM_CompareMatchCallback                    build/stm32l0xx_hal_lptim.o
HAL_LPTIM_CompareWriteCallback                    build/stm32l0xx_hal_lptim.o
HAL_LPTIM_Counter_Start                           build/stm32l0xx_hal_lptim.o
HAL_LPTIM_Counter_Start_IT                        build/stm32l0xx_hal_lptim.o
HAL_LPTIM_Counter_Stop                            build/stm32l0xx_hal_lptim.o
HAL_LPTIM_Counter_Stop_IT                         build/stm32l0xx_hal_lptim.o
HAL_LPTIM_DeInit                                  build/stm32l0xx_hal_lptim.o
HAL_LPTIM_DirectionDownCallback                   build/stm32l0xx_hal_lptim.o
HAL_LPTIM_DirectionUpCallback                     build/stm32l0xx_hal_lptim.o
HAL_LPTIM_Encoder_Start                           build/stm32l0xx_hal_lptim.o
HAL_LPTIM_Encoder_Start_IT                        build/stm32l0xx_hal_lptim.o
HAL_LPTIM_Encoder_Stop                            build/stm32l0xx_hal_lptim.o
HAL_LPTIM_Encoder_Stop_IT                         build/stm32l0xx_hal_lptim.o
HAL_LPTIM_GetState                                build/stm32l0xx_hal_lptim.o
HAL_LPTIM_IRQHandler                              build/stm32l0xx_hal_lptim.o
HAL_LPTIM_Init                                    build/stm32l0xx_hal_lptim.o
                                                  build/main.o
HAL_LPTIM_MspDeInit                               build/stm32l0xx_hal_msp.o
HAL_LPTIM_MspInit                                 build/stm32l0xx_hal_msp.o
HAL_LPTIM_OnePulse_Start                          build/stm32l0xx_hal_lptim.o
HAL_LPTIM_OnePulse_Start_IT                       build/stm32l0xx_hal_lptim.o
HAL_LPTIM_OnePulse_Stop                           build/stm32l0xx_hal_lptim.o
HAL_LPTIM_OnePulse_Stop_IT                        build/stm32l0xx_hal_lptim.o
HAL_LPTIM_PWM_Start                               build/stm32l0xx_hal_lptim.o
HAL_LPTIM_PWM_Start_IT                            build/stm32l0xx_hal_lptim.o
HAL_LPTIM_PWM_Stop                                build/stm32l0xx_hal_lptim.o
HAL_LPTIM_PWM_Stop_IT                             build/stm32l0xx_hal_lptim.o
HAL_LPTIM_ReadAutoReload                          build/stm32l0xx_hal_lptim.o
HAL_LPTIM_ReadCompare                             build/stm32l0xx_hal_lptim.o
HAL_LPTIM_ReadCounter                             build/stm32l0xx_hal_lptim.o
HAL_LPTIM_SetOnce_Start                           build/stm32l0xx_hal_lptim.o
HAL_LPTIM_SetOnce_Start_IT                        build/stm32l0xx_hal_lptim.o
HAL_LPTIM_SetOnce_Stop                            build/stm32l0xx_hal_lptim.o
HAL_LPTIM_SetOnce_Stop_IT                         build/stm32l0xx_hal_lptim.o
HAL_LPTIM_TimeOut_Start                           build/stm32l0xx_hal_lptim.o
HAL_LPTIM_TimeOut_Start_IT                        build/stm32l0xx_hal_lptim.o
HAL_LPTIM_TimeOut_Stop                            build/stm32l0xx_hal_lptim.o
HAL_LPTIM_TimeOut_Stop_IT                         build/stm32l0xx_hal_lptim.o
HAL_LPTIM_TriggerCallback                         build/stm32l0xx_hal_lptim.o
HAL_MPU_ConfigRegion                              build/stm32l0xx_hal_cortex.o
HAL_MPU_Disable                                   build/stm32l0xx_hal_cortex.o
HAL_MPU_Enable                                    build/stm32l0xx_hal_cortex.o
HAL_MspDeInit                                     build/stm32l0xx_hal.o
HAL_MspInit                                       build/stm32l0xx_hal_msp.o
HAL_MultiProcessorEx_AddressLength_Set            build/stm32l0xx_hal_uart_ex.o
HAL_MultiProcessor_DisableMuteMode                build/stm32l0xx_hal_uart.o
HAL_MultiProcessor_EnableMuteMode                 build/stm32l0xx_hal_uart.o
HAL_MultiProcessor_EnterMuteMode                  build/stm32l0xx_hal_uart.o
HAL_MultiProcessor_Init                           build/stm32l0xx_hal_uart.o
HAL_NVIC_ClearPendingIRQ                          build/stm32l0xx_hal_cortex.o
HAL_NVIC_DisableIRQ                               build/stm32l0xx_hal_cortex.o
HAL_NVIC_EnableIRQ                                build/stm32l0xx_hal_cortex.o
                                                  build/stm32l0xx_hal_timebase_tim.o
HAL_NVIC_GetPendingIRQ                            build/stm32l0xx_hal_cortex.o
HAL_NVIC_GetPriority                              build/stm32l0xx_hal_cortex.o
HAL_NVIC_SetPendingIRQ                            build/stm32l0xx_hal_cortex.o
HAL_NVIC_SetPriority                              build/stm32l0xx_hal_cortex.o
                                                  build/stm32l0xx_hal_timebase_tim.o
                                                  build/stm32l0xx_hal.o
HAL_NVIC_SystemReset                              build/stm32l0xx_hal_cortex.o
HAL_PWREx_DisableFastWakeUp                       build/stm32l0xx_hal_pwr_ex.o
HAL_PWREx_DisableLowPowerRunMode                  build/stm32l0xx_hal_pwr_ex.o
HAL_PWREx_DisableUltraLowPower                    build/stm32l0xx_hal_pwr_ex.o
HAL_PWREx_EnableFastWakeUp                        build/stm32l0xx_hal_pwr_ex.o
HAL_PWREx_EnableLowPowerRunMode                   build/stm32l0xx_hal_pwr_ex.o
HAL_PWREx_EnableUltraLowPower                     build/stm32l0xx_hal_pwr_ex.o
HAL_PWREx_GetVoltageRange                         build/stm32l0xx_hal_pwr_ex.o
HAL_PWR_ConfigPVD                                 build/stm32l0xx_hal_pwr.o
HAL_PWR_DeInit                                    build/stm32l0xx_hal_pwr.o
HAL_PWR_DisableBkUpAccess                         build/stm32l0xx_hal_pwr.o
HAL_PWR_DisablePVD                                build/stm32l0xx_hal_pwr.o
HAL_PWR_DisableSEVOnPend                          build/stm32l0xx_hal_pwr.o
HAL_PWR_DisableSleepOnExit                        build/stm32l0xx_hal_pwr.o
HAL_PWR_DisableWakeUpPin                          build/stm32l0xx_hal_pwr.o
HAL_PWR_EnableBkUpAccess                          build/stm32l0xx_hal_pwr.o
HAL_PWR_EnablePVD                                 build/stm32l0xx_hal_pwr.o
HAL_PWR_EnableSEVOnPend                           build/stm32l0xx_hal_pwr.o
HAL_PWR_EnableSleepOnExit                         build/stm32l0xx_hal_pwr.o
HAL_PWR_EnableWakeUpPin                           build/stm32l0xx_hal_pwr.o
HAL_PWR_EnterSLEEPMode                            build/stm32l0xx_hal_pwr.o
HAL_PWR_EnterSTANDBYMode                          build/stm32l0xx_hal_pwr.o
HAL_PWR_EnterSTOPMode                             build/stm32l0xx_hal_pwr.o
HAL_PWR_PVDCallback                               build/stm32l0xx_hal_pwr.o
HAL_PWR_PVD_IRQHandler                            build/stm32l0xx_hal_pwr.o
HAL_RCCEx_DisableLSECSS                           build/stm32l0xx_hal_rcc_ex.o
HAL_RCCEx_EnableLSECSS                            build/stm32l0xx_hal_rcc_ex.o
HAL_RCCEx_EnableLSECSS_IT                         build/stm32l0xx_hal_rcc_ex.o
HAL_RCCEx_GetPeriphCLKConfig                      build/stm32l0xx_hal_rcc_ex.o
HAL_RCCEx_GetPeriphCLKFreq                        build/stm32l0xx_hal_rcc_ex.o
HAL_RCCEx_LSECSS_Callback                         build/stm32l0xx_hal_rcc_ex.o
HAL_RCCEx_LSECSS_IRQHandler                       build/stm32l0xx_hal_rcc_ex.o
HAL_RCCEx_PeriphCLKConfig                         build/stm32l0xx_hal_rcc_ex.o
                                                  build/main.o
HAL_RCC_CSSCallback                               build/stm32l0xx_hal_rcc.o
HAL_RCC_ClockConfig                               build/stm32l0xx_hal_rcc.o
                                                  build/main.o
HAL_RCC_DeInit                                    build/stm32l0xx_hal_rcc.o
HAL_RCC_EnableCSS                                 build/stm32l0xx_hal_rcc.o
HAL_RCC_GetClockConfig                            build/stm32l0xx_hal_rcc.o
                                                  build/stm32l0xx_hal_timebase_tim.o
HAL_RCC_GetHCLKFreq                               build/stm32l0xx_hal_rcc.o
HAL_RCC_GetOscConfig                              build/stm32l0xx_hal_rcc.o
HAL_RCC_GetPCLK1Freq                              build/stm32l0xx_hal_rcc.o
                                                  build/stm32l0xx_hal_timebase_tim.o
                                                  build/stm32l0xx_hal_uart.o
                                                  build/stm32l0xx_hal_rcc_ex.o
HAL_RCC_GetPCLK2Freq                              build/stm32l0xx_hal_rcc.o
                                                  build/stm32l0xx_hal_uart.o
                                                  build/stm32l0xx_hal_rcc_ex.o
HAL_RCC_GetSysClockFreq                           build/stm32l0xx_hal_rcc.o
                                                  build/stm32l0xx_hal_uart.o
                                                  build/stm32l0xx_hal_rcc_ex.o
HAL_RCC_MCOConfig                                 build/stm32l0xx_hal_rcc.o
HAL_RCC_NMI_IRQHandler                            build/stm32l0xx_hal_rcc.o
HAL_RCC_OscConfig                                 build/stm32l0xx_hal_rcc.o
                                                  build/main.o
HAL_RS485Ex_Init                                  build/stm32l0xx_hal_uart_ex.o
HAL_RTCEx_AlarmBEventCallback                     build/stm32l0xx_hal_rtc_ex.o
                                                  build/stm32l0xx_hal_rtc.o
HAL_RTCEx_BKUPRead                                build/stm32l0xx_hal_rtc_ex.o
HAL_RTCEx_BKUPWrite                               build/stm32l0xx_hal_rtc_ex.o
HAL_RTCEx_DeactivateCalibrationOutPut             build/stm32l0xx_hal_rtc_ex.o
HAL_RTCEx_DeactivateRefClock                      build/stm32l0xx_hal_rtc_ex.o
HAL_RTCEx_DeactivateTamper                        build/stm32l0xx_hal_rtc_ex.o
HAL_RTCEx_DeactivateTimeStamp                     build/stm32l0xx_hal_rtc_ex.o
HAL_RTCEx_DeactivateWakeUpTimer                   build/stm32l0xx_hal_rtc_ex.o
HAL_RTCEx_DisableBypassShadow                     build/stm32l0xx_hal_rtc_ex.o
HAL_RTCEx_EnableBypassShadow                      build/stm32l0xx_hal_rtc_ex.o
HAL_RTCEx_GetTimeStamp                            build/stm32l0xx_hal_rtc_ex.o
HAL_RTCEx_GetWakeUpTimer                          build/stm32l0xx_hal_rtc_ex.o
HAL_RTCEx_PollForAlarmBEvent                      build/stm32l0xx_hal_rtc_ex.o
HAL_RTCEx_PollForTamper1Event                     build/stm32l0xx_hal_rtc_ex.o
HAL_RTCEx_PollForTamper2Event                     build/stm32l0xx_hal_rtc_ex.o
HAL_RTCEx_PollForTimeStampEvent                   build/stm32l0xx_hal_rtc_ex.o
HAL_RTCEx_PollForWakeUpTimerEvent                 build/stm32l0xx_hal_rtc_ex.o
HAL_RTCEx_SetCalibrationOutPut                    build/stm32l0xx_hal_rtc_ex.o
HAL_RTCEx_SetRefClock                             build/stm32l0xx_hal_rtc_ex.o
HAL_RTCEx_SetSmoothCalib                          build/stm32l0xx_hal_rtc_ex.o
HAL_RTCEx_SetSynchroShift                         build/stm32l0xx_hal_rtc_ex.o
HAL_RTCEx_SetTamper                               build/stm32l0xx_hal_rtc_ex.o
HAL_RTCEx_SetTamper_IT                            build/stm32l0xx_hal_rtc_ex.o
HAL_RTCEx_SetTimeStamp                            build/stm32l0xx_hal_rtc_ex.o
HAL_RTCEx_SetTimeStamp_IT                         build/stm32l0xx_hal_rtc_ex.o
HAL_RTCEx_SetWakeUpTimer                          build/stm32l0xx_hal_rtc_ex.o
                                                  build/main.o
HAL_RTCEx_SetWakeUpTimer_IT                       build/stm32l0xx_hal_rtc_ex.o
HAL_RTCEx_Tamper1EventCallback                    build/stm32l0xx_hal_rtc_ex.o
HAL_RTCEx_Tamper2EventCallback                    build/stm32l0xx_hal_rtc_ex.o
HAL_RTCEx_TamperTimeStampIRQHandler               build/stm32l0xx_hal_rtc_ex.o
HAL_RTCEx_TimeStampEventCallback                  build/stm32l0xx_hal_rtc_ex.o
HAL_RTCEx_WakeUpTimerEventCallback                build/stm32l0xx_hal_rtc_ex.o
HAL_RTCEx_WakeUpTimerIRQHandler                   build/stm32l0xx_hal_rtc_ex.o
HAL_RTC_AlarmAEventCallback                       build/stm32l0xx_hal_rtc.o
HAL_RTC_AlarmIRQHandler                           build/stm32l0xx_hal_rtc.o
HAL_RTC_DST_Add1Hour                              build/stm32l0xx_hal_rtc.o
HAL_RTC_DST_ClearStoreOperation                   build/stm32l0xx_hal_rtc.o
HAL_RTC_DST_ReadStoreOperation                    build/stm32l0xx_hal_rtc.o
HAL_RTC_DST_SetStoreOperation                     build/stm32l0xx_hal_rtc.o
HAL_RTC_DST_Sub1Hour                              build/stm32l0xx_hal_rtc.o
HAL_RTC_DeInit                                    build/stm32l0xx_hal_rtc.o
HAL_RTC_DeactivateAlarm                           build/stm32l0xx_hal_rtc.o
HAL_RTC_GetAlarm                                  build/stm32l0xx_hal_rtc.o
HAL_RTC_GetDate                                   build/stm32l0xx_hal_rtc.o
HAL_RTC_GetState                                  build/stm32l0xx_hal_rtc.o
HAL_RTC_GetTime                                   build/stm32l0xx_hal_rtc.o
HAL_RTC_Init                                      build/stm32l0xx_hal_rtc.o
                                                  build/main.o
HAL_RTC_MspDeInit                                 build/stm32l0xx_hal_msp.o
HAL_RTC_MspInit                                   build/stm32l0xx_hal_msp.o
HAL_RTC_PollForAlarmAEvent                        build/stm32l0xx_hal_rtc.o
HAL_RTC_SetAlarm                                  build/stm32l0xx_hal_rtc.o
HAL_RTC_SetAlarm_IT                               build/stm32l0xx_hal_rtc.o
HAL_RTC_SetDate                                   build/stm32l0xx_hal_rtc.o
HAL_RTC_SetTime                                   build/stm32l0xx_hal_rtc.o
HAL_RTC_WaitForSynchro                            build/stm32l0xx_hal_rtc.o
                                                  build/stm32l0xx_hal_rtc_ex.o
HAL_ResumeTick                                    build/stm32l0xx_hal_timebase_tim.o
                                                  build/stm32l0xx_hal.o
HAL_SYSCFG_Disable_Lock_VREFINT                   build/stm32l0xx_hal.o
HAL_SYSCFG_Enable_Lock_VREFINT                    build/stm32l0xx_hal.o
HAL_SYSCFG_GetBootMode                            build/stm32l0xx_hal.o
HAL_SYSCFG_VREFINT_OutputSelect                   build/stm32l0xx_hal.o
HAL_SYSTICK_CLKSourceConfig                       build/stm32l0xx_hal_cortex.o
HAL_SYSTICK_Callback                              build/stm32l0xx_hal_cortex.o
HAL_SYSTICK_Config                                build/stm32l0xx_hal_cortex.o
                                                  build/stm32l0xx_hal.o
HAL_SYSTICK_IRQHandler                            build/stm32l0xx_hal_cortex.o
HAL_SetTickFreq                                   build/stm32l0xx_hal.o
HAL_SuspendTick                                   build/stm32l0xx_hal_timebase_tim.o
                                                  build/stm32l0xx_hal.o
HAL_TIMEx_MasterConfigSynchronization             build/stm32l0xx_hal_tim_ex.o
HAL_TIMEx_RemapConfig                             build/stm32l0xx_hal_tim_ex.o
HAL_TIM_Base_DeInit                               build/stm32l0xx_hal_tim.o
HAL_TIM_Base_GetState                             build/stm32l0xx_hal_tim.o
HAL_TIM_Base_Init                                 build/stm32l0xx_hal_tim.o
                                                  build/stm32l0xx_hal_timebase_tim.o
HAL_TIM_Base_MspDeInit                            build/stm32l0xx_hal_tim.o
HAL_TIM_Base_MspInit                              build/stm32l0xx_hal_tim.o
HAL_TIM_Base_Start                                build/stm32l0xx_hal_tim.o
HAL_TIM_Base_Start_DMA                            build/stm32l0xx_hal_tim.o
HAL_TIM_Base_Start_IT                             build/stm32l0xx_hal_tim.o
                                                  build/stm32l0xx_hal_timebase_tim.o
HAL_TIM_Base_Stop                                 build/stm32l0xx_hal_tim.o
HAL_TIM_Base_Stop_DMA                             build/stm32l0xx_hal_tim.o
HAL_TIM_Base_Stop_IT                              build/stm32l0xx_hal_tim.o
HAL_TIM_ConfigClockSource                         build/stm32l0xx_hal_tim.o
HAL_TIM_ConfigOCrefClear                          build/stm32l0xx_hal_tim.o
HAL_TIM_ConfigTI1Input                            build/stm32l0xx_hal_tim.o
HAL_TIM_DMABurstState                             build/stm32l0xx_hal_tim.o
HAL_TIM_DMABurst_MultiReadStart                   build/stm32l0xx_hal_tim.o
HAL_TIM_DMABurst_MultiWriteStart                  build/stm32l0xx_hal_tim.o
HAL_TIM_DMABurst_ReadStart                        build/stm32l0xx_hal_tim.o
HAL_TIM_DMABurst_ReadStop                         build/stm32l0xx_hal_tim.o
HAL_TIM_DMABurst_WriteStart                       build/stm32l0xx_hal_tim.o
HAL_TIM_DMABurst_WriteStop                        build/stm32l0xx_hal_tim.o
HAL_TIM_Encoder_DeInit                            build/stm32l0xx_hal_tim.o
HAL_TIM_Encoder_GetState                          build/stm32l0xx_hal_tim.o
HAL_TIM_Encoder_Init                              build/stm32l0xx_hal_tim.o
HAL_TIM_Encoder_MspDeInit                         build/stm32l0xx_hal_tim.o
HAL_TIM_Encoder_MspInit                           build/stm32l0xx_hal_tim.o
HAL_TIM_Encoder_Start                             build/stm32l0xx_hal_tim.o
HAL_TIM_Encoder_Start_DMA                         build/stm32l0xx_hal_tim.o
HAL_TIM_Encoder_Start_IT                          build/stm32l0xx_hal_tim.o
HAL_TIM_Encoder_Stop                              build/stm32l0xx_hal_tim.o
HAL_TIM_Encoder_Stop_DMA                          build/stm32l0xx_hal_tim.o
HAL_TIM_Encoder_Stop_IT                           build/stm32l0xx_hal_tim.o
HAL_TIM_ErrorCallback                             build/stm32l0xx_hal_tim.o
HAL_TIM_GenerateEvent                             build/stm32l0xx_hal_tim.o
HAL_TIM_GetActiveChannel                          build/stm32l0xx_hal_tim.o
HAL_TIM_GetChannelState                           build/stm32l0xx_hal_tim.o
HAL_TIM_IC_CaptureCallback                        build/stm32l0xx_hal_tim.o
HAL_TIM_IC_CaptureHalfCpltCallback                build/stm32l0xx_hal_tim.o
HAL_TIM_IC_ConfigChannel                          build/stm32l0xx_hal_tim.o
HAL_TIM_IC_DeInit                                 build/stm32l0xx_hal_tim.o
HAL_TIM_IC_GetState                               build/stm32l0xx_hal_tim.o
HAL_TIM_IC_Init                                   build/stm32l0xx_hal_tim.o
HAL_TIM_IC_MspDeInit                              build/stm32l0xx_hal_tim.o
HAL_TIM_IC_MspInit                                build/stm32l0xx_hal_tim.o
HAL_TIM_IC_Start                                  build/stm32l0xx_hal_tim.o
HAL_TIM_IC_Start_DMA                              build/stm32l0xx_hal_tim.o
HAL_TIM_IC_Start_IT                               build/stm32l0xx_hal_tim.o
HAL_TIM_IC_Stop                                   build/stm32l0xx_hal_tim.o
HAL_TIM_IC_Stop_DMA                               build/stm32l0xx_hal_tim.o
HAL_TIM_IC_Stop_IT                                build/stm32l0xx_hal_tim.o
HAL_TIM_IRQHandler                                build/stm32l0xx_hal_tim.o
                                                  build/stm32l0xx_it.o
HAL_TIM_OC_ConfigChannel                          build/stm32l0xx_hal_tim.o
HAL_TIM_OC_DeInit                                 build/stm32l0xx_hal_tim.o
HAL_TIM_OC_DelayElapsedCallback                   build/stm32l0xx_hal_tim.o
HAL_TIM_OC_GetState                               build/stm32l0xx_hal_tim.o
HAL_TIM_OC_Init                                   build/stm32l0xx_hal_tim.o
HAL_TIM_OC_MspDeInit                              build/stm32l0xx_hal_tim.o
HAL_TIM_OC_MspInit                                build/stm32l0xx_hal_tim.o
HAL_TIM_OC_Start                                  build/stm32l0xx_hal_tim.o
HAL_TIM_OC_Start_DMA                              build/stm32l0xx_hal_tim.o
HAL_TIM_OC_Start_IT                               build/stm32l0xx_hal_tim.o
HAL_TIM_OC_Stop                                   build/stm32l0xx_hal_tim.o
HAL_TIM_OC_Stop_DMA                               build/stm32l0xx_hal_tim.o
HAL_TIM_OC_Stop_IT                                build/stm32l0xx_hal_tim.o
HAL_TIM_OnePulse_ConfigChannel                    build/stm32l0xx_hal_tim.o
HAL_TIM_OnePulse_DeInit                           build/stm32l0xx_hal_tim.o
HAL_TIM_OnePulse_GetState                         build/stm32l0xx_hal_tim.o
HAL_TIM_OnePulse_Init                             build/stm32l0xx_hal_tim.o
HAL_TIM_OnePulse_MspDeInit                        build/stm32l0xx_hal_tim.o
HAL_TIM_OnePulse_MspInit                          build/stm32l0xx_hal_tim.o
HAL_TIM_OnePulse_Start                            build/stm32l0xx_hal_tim.o
HAL_TIM_OnePulse_Start_IT                         build/stm32l0xx_hal_tim.o
HAL_TIM_OnePulse_Stop                             build/stm32l0xx_hal_tim.o
HAL_TIM_OnePulse_Stop_IT                          build/stm32l0xx_hal_tim.o
HAL_TIM_PWM_ConfigChannel                         build/stm32l0xx_hal_tim.o
HAL_TIM_PWM_DeInit                                build/stm32l0xx_hal_tim.o
HAL_TIM_PWM_GetState                              build/stm32l0xx_hal_tim.o
HAL_TIM_PWM_Init                                  build/stm32l0xx_hal_tim.o
HAL_TIM_PWM_MspDeInit                             build/stm32l0xx_hal_tim.o
HAL_TIM_PWM_MspInit                               build/stm32l0xx_hal_tim.o
HAL_TIM_PWM_PulseFinishedCallback                 build/stm32l0xx_hal_tim.o
HAL_TIM_PWM_PulseFinishedHalfCpltCallback         build/stm32l0xx_hal_tim.o
HAL_TIM_PWM_Start                                 build/stm32l0xx_hal_tim.o
HAL_TIM_PWM_Start_DMA                             build/stm32l0xx_hal_tim.o
HAL_TIM_PWM_Start_IT                              build/stm32l0xx_hal_tim.o
HAL_TIM_PWM_Stop                                  build/stm32l0xx_hal_tim.o
HAL_TIM_PWM_Stop_DMA                              build/stm32l0xx_hal_tim.o
HAL_TIM_PWM_Stop_IT                               build/stm32l0xx_hal_tim.o
HAL_TIM_PeriodElapsedCallback                     build/main.o
HAL_TIM_PeriodElapsedHalfCpltCallback             build/stm32l0xx_hal_tim.o
HAL_TIM_ReadCapturedValue                         build/stm32l0xx_hal_tim.o
HAL_TIM_SlaveConfigSynchro                        build/stm32l0xx_hal_tim.o
HAL_TIM_SlaveConfigSynchro_IT                     build/stm32l0xx_hal_tim.o
HAL_TIM_TriggerCallback                           build/stm32l0xx_hal_tim.o
HAL_TIM_TriggerHalfCpltCallback                   build/stm32l0xx_hal_tim.o
HAL_UARTEx_DisableClockStopMode                   build/stm32l0xx_hal_uart_ex.o
HAL_UARTEx_DisableStopMode                        build/stm32l0xx_hal_uart_ex.o
HAL_UARTEx_EnableClockStopMode                    build/stm32l0xx_hal_uart_ex.o
HAL_UARTEx_EnableStopMode                         build/stm32l0xx_hal_uart_ex.o
HAL_UARTEx_ReceiveToIdle                          build/stm32l0xx_hal_uart_ex.o
HAL_UARTEx_ReceiveToIdle_DMA                      build/stm32l0xx_hal_uart_ex.o
HAL_UARTEx_ReceiveToIdle_IT                       build/stm32l0xx_hal_uart_ex.o
HAL_UARTEx_RxEventCallback                        build/stm32l0xx_hal_uart.o
HAL_UARTEx_StopModeWakeUpSourceConfig             build/stm32l0xx_hal_uart_ex.o
HAL_UARTEx_WakeupCallback                         build/stm32l0xx_hal_uart_ex.o
                                                  build/stm32l0xx_hal_uart.o
HAL_UART_Abort                                    build/stm32l0xx_hal_uart.o
HAL_UART_AbortCpltCallback                        build/stm32l0xx_hal_uart.o
HAL_UART_AbortReceive                             build/stm32l0xx_hal_uart.o
HAL_UART_AbortReceiveCpltCallback                 build/stm32l0xx_hal_uart.o
HAL_UART_AbortReceive_IT                          build/stm32l0xx_hal_uart.o
HAL_UART_AbortTransmit                            build/stm32l0xx_hal_uart.o
HAL_UART_AbortTransmitCpltCallback                build/stm32l0xx_hal_uart.o
HAL_UART_AbortTransmit_IT                         build/stm32l0xx_hal_uart.o
HAL_UART_Abort_IT                                 build/stm32l0xx_hal_uart.o
HAL_UART_DMAPause                                 build/stm32l0xx_hal_uart.o
HAL_UART_DMAResume                                build/stm32l0xx_hal_uart.o
HAL_UART_DMAStop                                  build/stm32l0xx_hal_uart.o
HAL_UART_DeInit                                   build/stm32l0xx_hal_uart.o
HAL_UART_DisableReceiverTimeout                   build/stm32l0xx_hal_uart.o
HAL_UART_EnableReceiverTimeout                    build/stm32l0xx_hal_uart.o
HAL_UART_ErrorCallback                            build/stm32l0xx_hal_uart.o
HAL_UART_GetError                                 build/stm32l0xx_hal_uart.o
HAL_UART_GetState                                 build/stm32l0xx_hal_uart.o
HAL_UART_IRQHandler                               build/stm32l0xx_hal_uart.o
HAL_UART_Init                                     build/stm32l0xx_hal_uart.o
                                                  build/main.o
HAL_UART_MspDeInit                                build/stm32l0xx_hal_msp.o
HAL_UART_MspInit                                  build/stm32l0xx_hal_msp.o
                                                  build/stm32l0xx_hal_uart_ex.o
HAL_UART_Receive                                  build/stm32l0xx_hal_uart.o
HAL_UART_Receive_DMA                              build/stm32l0xx_hal_uart.o
HAL_UART_Receive_IT                               build/stm32l0xx_hal_uart.o
HAL_UART_ReceiverTimeout_Config                   build/stm32l0xx_hal_uart.o
HAL_UART_RxCpltCallback                           build/stm32l0xx_hal_uart.o
HAL_UART_RxHalfCpltCallback                       build/stm32l0xx_hal_uart.o
HAL_UART_Transmit                                 build/stm32l0xx_hal_uart.o
HAL_UART_Transmit_DMA                             build/stm32l0xx_hal_uart.o
HAL_UART_Transmit_IT                              build/stm32l0xx_hal_uart.o
HAL_UART_TxCpltCallback                           build/stm32l0xx_hal_uart.o
HAL_UART_TxHalfCpltCallback                       build/stm32l0xx_hal_uart.o
HardFault_Handler                                 build/stm32l0xx_it.o
I2C1_IRQHandler                                   build/startup_stm32l051xx.o
I2C2_IRQHandler                                   build/startup_stm32l051xx.o
LPTIM1_IRQHandler                                 build/startup_stm32l051xx.o
LPTIM_Disable                                     build/stm32l0xx_hal_lptim.o
LPUART1_IRQHandler                                build/startup_stm32l051xx.o
NMI_Handler                                       build/stm32l0xx_it.o
PLLMulTable                                       build/system_stm32l0xx.o
                                                  build/stm32l0xx_hal_rcc.o
PVD_IRQHandler                                    build/startup_stm32l051xx.o
PendSV_Handler                                    build/stm32l0xx_it.o
RCC_IRQHandler                                    build/startup_stm32l051xx.o
RTC_Bcd2ToByte                                    build/stm32l0xx_hal_rtc.o
                                                  build/stm32l0xx_hal_rtc_ex.o
RTC_ByteToBcd2                                    build/stm32l0xx_hal_rtc.o
RTC_EnterInitMode                                 build/stm32l0xx_hal_rtc.o
                                                  build/stm32l0xx_hal_rtc_ex.o
RTC_IRQHandler                                    build/startup_stm32l051xx.o
Reset_Handler                                     build/startup_stm32l051xx.o
SPI1_IRQHandler                                   build/startup_stm32l051xx.o
SPI2_IRQHandler                                   build/startup_stm32l051xx.o
SVC_Handler                                       build/stm32l0xx_it.o
SysTick_Handler                                   build/stm32l0xx_it.o
SystemClock_Config                                build/main.o
SystemCoreClock                                   build/system_stm32l0xx.o
                                                  build/stm32l0xx_hal_lptim.o
                                                  build/stm32l0xx_hal_pwr_ex.o
                                                  build/stm32l0xx_hal_rcc.o
                                                  build/stm32l0xx_hal.o
                                                  build/stm32l0xx_hal_adc.o
SystemCoreClockUpdate                             build/system_stm32l0xx.o
SystemInit                                        build/system_stm32l0xx.o
                                                  build/startup_stm32l051xx.o
TIM21_IRQHandler                                  build/startup_stm32l051xx.o
TIM22_IRQHandler                                  build/startup_stm32l051xx.o
TIM2_IRQHandler                                   build/startup_stm32l051xx.o
TIM6_IRQHandler                                   build/stm32l0xx_it.o
TIM_DMACaptureCplt                                build/stm32l0xx_hal_tim.o
TIM_DMACaptureHalfCplt                            build/stm32l0xx_hal_tim.o
TIM_DMAError                                      build/stm32l0xx_hal_tim.o
UART_AdvFeatureConfig                             build/stm32l0xx_hal_uart.o
                                                  build/stm32l0xx_hal_uart_ex.o
UART_CheckIdleState                               build/stm32l0xx_hal_uart.o
                                                  build/stm32l0xx_hal_uart_ex.o
UART_SetConfig                                    build/stm32l0xx_hal_uart.o
                                                  build/stm32l0xx_hal_uart_ex.o
UART_Start_Receive_DMA                            build/stm32l0xx_hal_uart.o
                                                  build/stm32l0xx_hal_uart_ex.o
UART_Start_Receive_IT                             build/stm32l0xx_hal_uart.o
                                                  build/stm32l0xx_hal_uart_ex.o
UART_WaitOnFlagUntilTimeout                       build/stm32l0xx_hal_uart.o
                                                  build/stm32l0xx_hal_uart_ex.o
USART1_IRQHandler                                 build/startup_stm32l051xx.o
USART2_IRQHandler                                 build/startup_stm32l051xx.o
WWDG_IRQHandler                                   build/startup_stm32l051xx.o
__aeabi_idiv0                                     /opt/gcc-arm-none-eabi-10.3-2021.10/bin/../lib/gcc/arm-none-eabi/10.3.1/thumb/v6-m/nofp/libgcc.a(_dvmd_tls.o)
                                                  /opt/gcc-arm-none-eabi-10.3-2021.10/bin/../lib/gcc/arm-none-eabi/10.3.1/thumb/v6-m/nofp/libgcc.a(_udivsi3.o)
__aeabi_ldiv0                                     /opt/gcc-arm-none-eabi-10.3-2021.10/bin/../lib/gcc/arm-none-eabi/10.3.1/thumb/v6-m/nofp/libgcc.a(_dvmd_tls.o)
                                                  /opt/gcc-arm-none-eabi-10.3-2021.10/bin/../lib/gcc/arm-none-eabi/10.3.1/thumb/v6-m/nofp/libgcc.a(_aeabi_uldivmod.o)
__aeabi_lmul                                      /opt/gcc-arm-none-eabi-10.3-2021.10/bin/../lib/gcc/arm-none-eabi/10.3.1/thumb/v6-m/nofp/libgcc.a(_muldi3.o)
                                                  build/stm32l0xx_hal_rcc.o
__aeabi_uidiv                                     /opt/gcc-arm-none-eabi-10.3-2021.10/bin/../lib/gcc/arm-none-eabi/10.3.1/thumb/v6-m/nofp/libgcc.a(_udivsi3.o)
                                                  build/stm32l0xx_hal_timebase_tim.o
                                                  build/system_stm32l0xx.o
                                                  build/stm32l0xx_hal_uart.o
                                                  build/stm32l0xx_hal_lptim.o
                                                  build/stm32l0xx_hal_pwr_ex.o
                                                  build/stm32l0xx_hal_dma.o
                                                  build/stm32l0xx_hal.o
                                                  build/stm32l0xx_hal_adc.o
__aeabi_uidivmod                                  /opt/gcc-arm-none-eabi-10.3-2021.10/bin/../lib/gcc/arm-none-eabi/10.3.1/thumb/v6-m/nofp/libgcc.a(_udivsi3.o)
__aeabi_uldivmod                                  /opt/gcc-arm-none-eabi-10.3-2021.10/bin/../lib/gcc/arm-none-eabi/10.3.1/thumb/v6-m/nofp/libgcc.a(_aeabi_uldivmod.o)
                                                  build/stm32l0xx_hal_uart.o
                                                  build/stm32l0xx_hal_rcc.o
__bss_end__                                       /opt/gcc-arm-none-eabi-10.3-2021.10/bin/../lib/gcc/arm-none-eabi/10.3.1/../../../../arm-none-eabi/lib/thumb/v6-m/nofp/crt0.o
__bss_start__                                     /opt/gcc-arm-none-eabi-10.3-2021.10/bin/../lib/gcc/arm-none-eabi/10.3.1/../../../../arm-none-eabi/lib/thumb/v6-m/nofp/crt0.o
__call_exitprocs                                  /opt/gcc-arm-none-eabi-10.3-2021.10/bin/../lib/gcc/arm-none-eabi/10.3.1/../../../../arm-none-eabi/lib/thumb/v6-m/nofp/libc_nano.a(lib_a-exit.o)
__clzdi2                                          /opt/gcc-arm-none-eabi-10.3-2021.10/bin/../lib/gcc/arm-none-eabi/10.3.1/thumb/v6-m/nofp/libgcc.a(_clzdi2.o)
                                                  /opt/gcc-arm-none-eabi-10.3-2021.10/bin/../lib/gcc/arm-none-eabi/10.3.1/thumb/v6-m/nofp/libgcc.a(_udivmoddi4.o)